<html>
<body>
<pre>
<h1>µVision3 Build Log</h1>
<h2>Project:</h2>
D:\Blinky\Blinky.uv2
Project File Date:  04/03/2008

<h2>Output:</h2>
Build target 'LPC2378 Flash'
assembling LPC2300.s...
compiling Blinky.c...
linking...
Program Size: Code=604 RO-data=16 RW-data=0 ZI-data=1288  
".\Flash\Blinky.axf" - 0 Error(s), 0 Warning(s).
Build target 'LPC2378 Flash'
assembling LPC2300.s...
compiling Blinky.c...
Blinky.c(15): warning:  #1295-D: Deprecated declaration InitUART1 - give arg types
Blinky.c(41): error:  #18: expected a ")"
Blinky.c(42): error:  #65: expected a ";"
Blinky.c(44): error:  #18: expected a ")"
Blinky.c(45): error:  #65: expected a ";"
Target not created
Build target 'LPC2378 Flash'
compiling Blinky.c...
Blinky.c(15): warning:  #1295-D: Deprecated declaration InitUART1 - give arg types
Blinky.c(41): warning:  #61-D: integer operation result is out of range
linking...
Program Size: Code=676 RO-data=16 RW-data=0 ZI-data=1288  
".\Flash\Blinky.axf" - 0 Error(s), 2 Warning(s).
Build target 'LPC2378 Flash'
assembling LPC2300.s...
compiling Blinky.c...
Blinky.c(16): warning:  #1295-D: Deprecated declaration InitUART1 - give arg types
Blinky.c(17): warning:  #1295-D: Deprecated declaration getkey - give arg types
Blinky.c(47): warning:  #61-D: integer operation result is out of range
linking...
Program Size: Code=848 RO-data=16 RW-data=0 ZI-data=1288  
".\Flash\Blinky.axf" - 0 Error(s), 3 Warning(s).
Build target 'LPC2378 Flash'
assembling LPC2300.s...
compiling Blinky.c...
Blinky.c(47): warning:  #61-D: integer operation result is out of range
linking...
Program Size: Code=848 RO-data=16 RW-data=0 ZI-data=1288  
".\Flash\Blinky.axf" - 0 Error(s), 1 Warning(s).
Build target 'LPC2378 Flash'
assembling LPC2300.s...
compiling Blinky.c...
linking...
Program Size: Code=824 RO-data=16 RW-data=0 ZI-data=1288  
".\Flash\Blinky.axf" - 0 Error(s), 0 Warning(s).
Build target 'LPC2378 Flash'
assembling LPC2300.s...
compiling Blinky.c...
linking...
Program Size: Code=824 RO-data=16 RW-data=0 ZI-data=1288  
".\Flash\Blinky.axf" - 0 Error(s), 0 Warning(s).
Build target 'LPC2378 Flash'
assembling LPC2300.s...
compiling Blinky.c...
Blinky.c(48): warning:  #61-D: integer operation result is out of range
linking...
Program Size: Code=848 RO-data=16 RW-data=0 ZI-data=1288  
".\Flash\Blinky.axf" - 0 Error(s), 1 Warning(s).
Load "D:\\Blinky\\Flash\\Blinky.AXF" 
Build target 'LPC2378 Flash'
assembling LPC2300.s...
compiling Blinky.c...
Blinky.c(48): warning:  #61-D: integer operation result is out of range
linking...
Program Size: Code=848 RO-data=16 RW-data=0 ZI-data=1288  
".\Flash\Blinky.axf" - 0 Error(s), 1 Warning(s).
Load "D:\\Blinky\\Flash\\Blinky.AXF" 
Erase Done.
Programming Done.
Verify OK.
Application running ...
Build target 'LPC2378 Flash'
assembling LPC2300.s...
compiling Blinky.c...
Blinky.c(48): warning:  #61-D: integer operation result is out of range
linking...
Program Size: Code=840 RO-data=16 RW-data=0 ZI-data=1288  
".\Flash\Blinky.axf" - 0 Error(s), 1 Warning(s).
Load "D:\\Blinky\\Flash\\Blinky.AXF" 
Erase Done.
Programming Done.
Verify OK.
Application running ...
Build target 'LPC2378 Flash'
assembling LPC2300.s...
compiling Blinky.c...
linking...
Program Size: Code=816 RO-data=16 RW-data=0 ZI-data=1288  
".\Flash\Blinky.axf" - 0 Error(s), 0 Warning(s).
Load "D:\\Blinky\\Flash\\Blinky.AXF" 
Erase Done.
Programming Done.
Verify OK.
Application running ...
Build target 'LPC2378 Flash'
assembling LPC2300.s...
compiling Blinky.c...
linking...
Program Size: Code=828 RO-data=16 RW-data=0 ZI-data=1288  
".\Flash\Blinky.axf" - 0 Error(s), 0 Warning(s).
Load "D:\\Blinky\\Flash\\Blinky.AXF" 
Erase Done.
Programming Done.
Verify OK.
Application running ...
Build target 'LPC2378 Flash'
assembling LPC2300.s...
compiling Blinky.c...
linking...
Program Size: Code=828 RO-data=16 RW-data=0 ZI-data=1288  
".\Flash\Blinky.axf" - 0 Error(s), 0 Warning(s).
Load "D:\\Blinky\\Flash\\Blinky.AXF" 
Erase Done.
Programming Done.
Verify OK.
Application running ...
Build target 'LPC2378 Flash'
assembling LPC2300.s...
compiling Blinky.c...
linking...
Program Size: Code=840 RO-data=16 RW-data=0 ZI-data=1288  
".\Flash\Blinky.axf" - 0 Error(s), 0 Warning(s).
Build target 'LPC2378 Flash'
assembling LPC2300.s...
compiling Blinky.c...
Blinky.c(78): warning:  #550-D: variable "ch" was set but never used
linking...
Program Size: Code=832 RO-data=16 RW-data=0 ZI-data=1288  
".\Flash\Blinky.axf" - 0 Error(s), 1 Warning(s).
Load "D:\\Blinky\\Flash\\Blinky.AXF" 
Erase Done.
Programming Done.
Verify OK.
Application running ...
Build target 'LPC2378 Flash'
assembling LPC2300.s...
compiling Blinky.c...
Blinky.c(47): error:  #20: identifier "PCUART1" is undefined
Blinky.c(79): warning:  #550-D: variable "ch" was set but never used
Target not created
Build target 'LPC2378 Flash'
assembling LPC2300.s...
compiling Blinky.c...
Blinky.c(47): error:  #20: identifier "PCUART1" is undefined
Blinky.c(79): warning:  #550-D: variable "ch" was set but never used
Target not created
Build target 'LPC2378 Flash'
assembling LPC2300.s...
compiling Blinky.c...
Blinky.c(78): warning:  #550-D: variable "ch" was set but never used
linking...
Program Size: Code=832 RO-data=16 RW-data=0 ZI-data=1288  
".\Flash\Blinky.axf" - 0 Error(s), 1 Warning(s).
Load "D:\\Blinky\\Flash\\Blinky.AXF" 
Erase Done.
Programming Done.
Verify OK.
Application running ...
Build target 'LPC2378 Flash'
compiling Blinky.c...
linking...
Program Size: Code=828 RO-data=16 RW-data=0 ZI-data=1288  
".\Flash\Blinky.axf" - 0 Error(s), 0 Warning(s).
Load "D:\\Blinky\\Flash\\Blinky.AXF" 
Erase Done.
Programming Done.
Verify OK.
Application running ...
Load "D:\\Blinky\\Flash\\Blinky.AXF" 
Erase Done.
Programming Done.
Verify OK.
Application running ...
Build target 'LPC2378 Flash'
assembling LPC2300.s...
compiling Blinky.c...
linking...
Program Size: Code=832 RO-data=16 RW-data=0 ZI-data=1288  
".\Flash\Blinky.axf" - 0 Error(s), 0 Warning(s).
Load "D:\\Blinky\\Flash\\Blinky.AXF" 
Erase Done.
Programming Done.
Verify OK.
Application running ...
Build target 'LPC2378 Flash'
assembling LPC2300.s...
compiling Blinky.c...
Blinky.c(102): error:  #147-D: declaration is incompatible with "void addCommand(int, int, char *)" (declared at line 31)
Blinky.c(108): warning:  #177-D: variable "ch" was declared but never referenced
Blinky.c(109): warning:  #177-D: variable "cmd" was declared but never referenced
Blinky.c(110): warning:  #177-D: variable "len" was declared but never referenced
Target not created
Build target 'LPC2378 Flash'
assembling LPC2300.s...
compiling Blinky.c...
Blinky.c(108): warning:  #177-D: variable "ch" was declared but never referenced
Blinky.c(109): warning:  #177-D: variable "cmd" was declared but never referenced
Blinky.c(110): warning:  #177-D: variable "len" was declared but never referenced
linking...
Program Size: Code=892 RO-data=16 RW-data=0 ZI-data=1288  
".\Flash\Blinky.axf" - 0 Error(s), 3 Warning(s).
Build target 'LPC2378 Flash'
assembling LPC2300.s...
compiling Blinky.c...
Blinky.c(133): error:  #167: argument of type "int" is incompatible with parameter of type "int *"
Blinky.c(115): warning:  #177-D: variable "ch" was declared but never referenced
Target not created
Build target 'LPC2378 Flash'
assembling LPC2300.s...
compiling Blinky.c...
Blinky.c(115): warning:  #177-D: variable "ch" was declared but never referenced
linking...
Program Size: Code=968 RO-data=16 RW-data=0 ZI-data=1288  
".\Flash\Blinky.axf" - 0 Error(s), 1 Warning(s).
Build target 'LPC2378 Flash'
assembling LPC2300.s...
compiling Blinky.c...
Blinky.c(131): error:  #20: identifier "s" is undefined
Blinky.c(115): warning:  #177-D: variable "ch" was declared but never referenced
Target not created
Build target 'LPC2378 Flash'
assembling LPC2300.s...
compiling Blinky.c...
Blinky.c(115): warning:  #177-D: variable "ch" was declared but never referenced
linking...
Program Size: Code=984 RO-data=16 RW-data=0 ZI-data=1288  
".\Flash\Blinky.axf" - 0 Error(s), 1 Warning(s).
Load "D:\\Blinky\\Flash\\Blinky.AXF" 
Erase Done.
Programming Done.
Verify OK.
Application running ...
Build target 'LPC2378 Flash'
assembling LPC2300.s...
compiling Blinky.c...
linking...
Program Size: Code=964 RO-data=16 RW-data=0 ZI-data=1288  
".\Flash\Blinky.axf" - 0 Error(s), 0 Warning(s).
Build target 'LPC2378 Flash'
assembling LPC2300.s...
compiling Blinky.c...
linking...
Program Size: Code=964 RO-data=16 RW-data=0 ZI-data=1288  
".\Flash\Blinky.axf" - 0 Error(s), 0 Warning(s).
Load "D:\\Blinky\\Flash\\Blinky.AXF" 
Erase Done.
Programming Done.
Verify OK.
Application running ...
Build target 'LPC2378 Flash'
assembling LPC2300.s...
compiling Blinky.c...
linking...
Program Size: Code=964 RO-data=16 RW-data=0 ZI-data=1288  
".\Flash\Blinky.axf" - 0 Error(s), 0 Warning(s).
Load "D:\\Blinky\\Flash\\Blinky.AXF" 
Erase Done.
Programming Done.
Verify OK.
Application running ...
Build target 'LPC2378 Flash'
assembling LPC2300.s...
compiling Blinky.c...
linking...
Program Size: Code=972 RO-data=16 RW-data=0 ZI-data=1288  
".\Flash\Blinky.axf" - 0 Error(s), 0 Warning(s).
Load "D:\\Blinky\\Flash\\Blinky.AXF" 
Erase Done.
Programming Done.
Verify OK.
Application running ...
Build target 'LPC2378 Flash'
assembling LPC2300.s...
LPC2300.s: Error: A9932E: LICENSE ERROR (R208: RENEW LICENSE ID CODE (LIC))
Target not created
Build target 'LPC2378 Flash'
assembling LPC2300.s...
LPC2300.s: Error: A9932E: LICENSE ERROR (R208: RENEW LICENSE ID CODE (LIC))
Target not created
Build target 'LPC2378 Flash'
assembling LPC2300.s...
LPC2300.s: Error: A9932E: LICENSE ERROR (R208: RENEW LICENSE ID CODE (LIC))
Target not created
Build target 'LPC2378 Flash'
assembling LPC2300.s...
compiling Blinky.c...
linking...
Program Size: Code=972 RO-data=16 RW-data=0 ZI-data=1288  
".\Flash\Blinky.axf" - 0 Error(s), 0 Warning(s).
Load "D:\\Blinky\\Flash\\Blinky.AXF" 
Erase Done.
Programming Done.
Verify OK.
Application running ...
Build target 'LPC2378 Flash'
assembling LPC2300.s...
LPC2300.s: Error: A9932E: LICENSE ERROR (R208: RENEW LICENSE ID CODE (LIC))
Target not created
Build target 'LPC2378 Flash'
assembling LPC2300.s...
compiling Blinky.c...
Blinky.c(147): warning:  #940-D: missing return statement at end of non-void function "getCommand"
Blinky.c(150): warning:  #177-D: variable "help" was declared but never referenced
linking...
Program Size: Code=1228 RO-data=16 RW-data=0 ZI-data=1288  
".\Flash\Blinky.axf" - 0 Error(s), 2 Warning(s).
Build target 'LPC2378 Flash'
assembling LPC2300.s...
compiling Blinky.c...
linking...
Program Size: Code=1220 RO-data=16 RW-data=0 ZI-data=1288  
".\Flash\Blinky.axf" - 0 Error(s), 0 Warning(s).
Load "D:\\Blinky\\Flash\\Blinky.AXF" 
Erase Done.
Programming Done.
Verify OK.
Application running ...
Build target 'LPC2378 Flash'
assembling LPC2300.s...
compiling Blinky.c...
linking...
Program Size: Code=1220 RO-data=16 RW-data=0 ZI-data=1288  
".\Flash\Blinky.axf" - 0 Error(s), 0 Warning(s).
Load "D:\\Blinky\\Flash\\Blinky.AXF" 
Erase Done.
Programming Done.
Verify OK.
Application running ...
Build target 'LPC2378 Flash'
assembling LPC2300.s...
compiling Blinky.c...
linking...
Program Size: Code=1232 RO-data=16 RW-data=0 ZI-data=1288  
".\Flash\Blinky.axf" - 0 Error(s), 0 Warning(s).
Build target 'LPC2378 Flash'
assembling LPC2300.s...
compiling Blinky.c...
linking...
Program Size: Code=1232 RO-data=16 RW-data=0 ZI-data=1288  
".\Flash\Blinky.axf" - 0 Error(s), 0 Warning(s).
Load "D:\\Blinky\\Flash\\Blinky.AXF" 
Erase Done.
Programming Done.
Verify OK.
Application running ...
Build target 'LPC2378 Flash'
assembling LPC2300.s...
compiling Blinky.c...
Blinky.c(151): warning:  #68-D: integer conversion resulted in a change of sign
linking...
Program Size: Code=1260 RO-data=16 RW-data=0 ZI-data=1288  
".\Flash\Blinky.axf" - 0 Error(s), 1 Warning(s).
Load "D:\\Blinky\\Flash\\Blinky.AXF" 
Erase Done.
Programming Done.
Verify OK.
Application running ...
Build target 'LPC2378 Flash'
assembling LPC2300.s...
compiling Blinky.c...
Blinky.c(133): warning:  #68-D: integer conversion resulted in a change of sign
Blinky.c(143): warning:  #68-D: integer conversion resulted in a change of sign
Blinky.c(152): warning:  #68-D: integer conversion resulted in a change of sign
Blinky.c(162): warning:  #68-D: integer conversion resulted in a change of sign
Blinky.c(169): warning:  #68-D: integer conversion resulted in a change of sign
linking...
Program Size: Code=1372 RO-data=16 RW-data=0 ZI-data=1288  
".\Flash\Blinky.axf" - 0 Error(s), 5 Warning(s).
Build target 'LPC2378 Flash'
assembling LPC2300.s...
compiling Blinky.c...
Blinky.c(133): warning:  #68-D: integer conversion resulted in a change of sign
Blinky.c(143): warning:  #68-D: integer conversion resulted in a change of sign
Blinky.c(152): warning:  #68-D: integer conversion resulted in a change of sign
Blinky.c(162): warning:  #68-D: integer conversion resulted in a change of sign
Blinky.c(169): warning:  #68-D: integer conversion resulted in a change of sign
linking...
Program Size: Code=1372 RO-data=16 RW-data=0 ZI-data=1288  
".\Flash\Blinky.axf" - 0 Error(s), 5 Warning(s).
Load "D:\\Blinky\\Flash\\Blinky.AXF" 
Erase Done.
Programming Done.
Verify OK.
Application running ...
Build target 'LPC2378 Flash'
assembling LPC2300.s...
compiling Blinky.c...
Blinky.c(133): warning:  #68-D: integer conversion resulted in a change of sign
Blinky.c(143): warning:  #68-D: integer conversion resulted in a change of sign
Blinky.c(152): warning:  #68-D: integer conversion resulted in a change of sign
Blinky.c(162): warning:  #68-D: integer conversion resulted in a change of sign
Blinky.c(169): warning:  #68-D: integer conversion resulted in a change of sign
linking...
Program Size: Code=1360 RO-data=16 RW-data=0 ZI-data=1288  
".\Flash\Blinky.axf" - 0 Error(s), 5 Warning(s).
Build target 'LPC2378 Flash'
assembling LPC2300.s...
compiling Blinky.c...
Blinky.c(133): warning:  #68-D: integer conversion resulted in a change of sign
Blinky.c(143): warning:  #68-D: integer conversion resulted in a change of sign
Blinky.c(152): warning:  #68-D: integer conversion resulted in a change of sign
Blinky.c(162): warning:  #68-D: integer conversion resulted in a change of sign
Blinky.c(169): warning:  #68-D: integer conversion resulted in a change of sign
linking...
Program Size: Code=1360 RO-data=16 RW-data=0 ZI-data=1288  
".\Flash\Blinky.axf" - 0 Error(s), 5 Warning(s).
Load "D:\\Blinky\\Flash\\Blinky.AXF" 
Erase Done.
Programming Done.
Verify OK.
Application running ...
Load "D:\\Blinky\\Flash\\Blinky.AXF" 
Erase Done.
Programming Done.
Verify OK.
Application running ...
Build target 'LPC2378 Flash'
compiling Blinky.c...
Blinky.c(133): warning:  #68-D: integer conversion resulted in a change of sign
Blinky.c(143): warning:  #68-D: integer conversion resulted in a change of sign
Blinky.c(152): warning:  #68-D: integer conversion resulted in a change of sign
Blinky.c(162): warning:  #68-D: integer conversion resulted in a change of sign
Blinky.c(169): warning:  #68-D: integer conversion resulted in a change of sign
linking...
Program Size: Code=1372 RO-data=16 RW-data=0 ZI-data=1288  
".\Flash\Blinky.axf" - 0 Error(s), 5 Warning(s).
Load "D:\\Blinky\\Flash\\Blinky.AXF" 
Erase Done.
Programming Done.
Verify OK.
Application running ...
Build target 'LPC2378 Flash'
assembling LPC2300.s...
compiling Blinky.c...
Blinky.c(149): warning:  #68-D: integer conversion resulted in a change of sign
Blinky.c(159): warning:  #68-D: integer conversion resulted in a change of sign
Blinky.c(168): warning:  #68-D: integer conversion resulted in a change of sign
Blinky.c(178): warning:  #68-D: integer conversion resulted in a change of sign
Blinky.c(185): warning:  #68-D: integer conversion resulted in a change of sign
linking...
Program Size: Code=1456 RO-data=32 RW-data=12 ZI-data=1292  
".\Flash\Blinky.axf" - 0 Error(s), 5 Warning(s).
Build target 'LPC2378 Flash'
assembling LPC2300.s...
compiling Blinky.c...
Blinky.c(75): warning:  #61-D: integer operation result is out of range
Blinky.c(149): warning:  #68-D: integer conversion resulted in a change of sign
Blinky.c(159): warning:  #68-D: integer conversion resulted in a change of sign
Blinky.c(168): warning:  #68-D: integer conversion resulted in a change of sign
Blinky.c(178): warning:  #68-D: integer conversion resulted in a change of sign
Blinky.c(185): warning:  #68-D: integer conversion resulted in a change of sign
linking...
Program Size: Code=1480 RO-data=32 RW-data=12 ZI-data=1292  
".\Flash\Blinky.axf" - 0 Error(s), 6 Warning(s).
Build target 'LPC2378 Flash'
assembling LPC2300.s...
compiling Blinky.c...
Blinky.c(75): warning:  #61-D: integer operation result is out of range
Blinky.c(150): warning:  #68-D: integer conversion resulted in a change of sign
Blinky.c(160): warning:  #68-D: integer conversion resulted in a change of sign
Blinky.c(169): warning:  #68-D: integer conversion resulted in a change of sign
Blinky.c(179): warning:  #68-D: integer conversion resulted in a change of sign
Blinky.c(186): warning:  #68-D: integer conversion resulted in a change of sign
linking...
Program Size: Code=1488 RO-data=32 RW-data=12 ZI-data=1292  
".\Flash\Blinky.axf" - 0 Error(s), 6 Warning(s).
Load "D:\\Blinky\\Flash\\Blinky.AXF" 
Erase Done.
Programming Done.
Verify OK.
Application running ...
Build target 'LPC2378 Flash'
assembling LPC2300.s...
compiling Blinky.c...
Blinky.c(75): warning:  #61-D: integer operation result is out of range
Blinky.c(149): warning:  #68-D: integer conversion resulted in a change of sign
Blinky.c(159): warning:  #68-D: integer conversion resulted in a change of sign
Blinky.c(168): warning:  #68-D: integer conversion resulted in a change of sign
Blinky.c(178): warning:  #68-D: integer conversion resulted in a change of sign
Blinky.c(185): warning:  #68-D: integer conversion resulted in a change of sign
linking...
Program Size: Code=1480 RO-data=32 RW-data=12 ZI-data=1292  
".\Flash\Blinky.axf" - 0 Error(s), 6 Warning(s).
Load "D:\\Blinky\\Flash\\Blinky.AXF" 
Erase Done.
Programming Done.
Verify OK.
Application running ...
Build target 'LPC2378 Flash'
assembling LPC2300.s...
compiling Blinky.c...
Blinky.c(75): warning:  #61-D: integer operation result is out of range
Blinky.c(149): warning:  #68-D: integer conversion resulted in a change of sign
Blinky.c(159): warning:  #68-D: integer conversion resulted in a change of sign
Blinky.c(168): warning:  #68-D: integer conversion resulted in a change of sign
Blinky.c(178): warning:  #68-D: integer conversion resulted in a change of sign
Blinky.c(185): warning:  #68-D: integer conversion resulted in a change of sign
linking...
Program Size: Code=1480 RO-data=32 RW-data=12 ZI-data=1292  
".\Flash\Blinky.axf" - 0 Error(s), 6 Warning(s).
Load "D:\\Blinky\\Flash\\Blinky.AXF" 
Erase Done.
Programming Done.
Verify OK.
Application running ...
Build target 'LPC2378 Flash'
assembling LPC2300.s...
compiling Blinky.c...
Blinky.c(75): warning:  #61-D: integer operation result is out of range
Blinky.c(149): warning:  #68-D: integer conversion resulted in a change of sign
Blinky.c(159): warning:  #68-D: integer conversion resulted in a change of sign
Blinky.c(168): warning:  #68-D: integer conversion resulted in a change of sign
Blinky.c(178): warning:  #68-D: integer conversion resulted in a change of sign
Blinky.c(185): warning:  #68-D: integer conversion resulted in a change of sign
linking...
Program Size: Code=1480 RO-data=32 RW-data=12 ZI-data=1292  
".\Flash\Blinky.axf" - 0 Error(s), 6 Warning(s).
Build target 'LPC2378 Flash'
assembling LPC2300.s...
compiling Blinky.c...
Blinky.c(75): warning:  #61-D: integer operation result is out of range
Blinky.c(149): warning:  #68-D: integer conversion resulted in a change of sign
Blinky.c(159): warning:  #68-D: integer conversion resulted in a change of sign
Blinky.c(168): warning:  #68-D: integer conversion resulted in a change of sign
Blinky.c(178): warning:  #68-D: integer conversion resulted in a change of sign
Blinky.c(185): warning:  #68-D: integer conversion resulted in a change of sign
linking...
Program Size: Code=1480 RO-data=32 RW-data=12 ZI-data=1292  
".\Flash\Blinky.axf" - 0 Error(s), 6 Warning(s).
Load "D:\\Blinky\\Flash\\Blinky.AXF" 
Erase Done.
Programming Done.
Verify OK.
Application running ...
Build target 'LPC2378 Flash'
assembling LPC2300.s...
compiling Blinky.c...
Blinky.c(149): warning:  #68-D: integer conversion resulted in a change of sign
Blinky.c(159): warning:  #68-D: integer conversion resulted in a change of sign
Blinky.c(168): warning:  #68-D: integer conversion resulted in a change of sign
Blinky.c(178): warning:  #68-D: integer conversion resulted in a change of sign
Blinky.c(185): warning:  #68-D: integer conversion resulted in a change of sign
linking...
Program Size: Code=1456 RO-data=32 RW-data=12 ZI-data=1292  
".\Flash\Blinky.axf" - 0 Error(s), 5 Warning(s).
Load "D:\\Blinky\\Flash\\Blinky.AXF" 
Erase Done.
Programming Done.
Verify OK.
Application running ...
Build target 'LPC2378 Flash'
assembling LPC2300.s...
compiling Blinky.c...
Blinky.c(149): warning:  #68-D: integer conversion resulted in a change of sign
Blinky.c(159): warning:  #68-D: integer conversion resulted in a change of sign
Blinky.c(168): warning:  #68-D: integer conversion resulted in a change of sign
Blinky.c(178): warning:  #68-D: integer conversion resulted in a change of sign
Blinky.c(185): warning:  #68-D: integer conversion resulted in a change of sign
linking...
Program Size: Code=1444 RO-data=32 RW-data=12 ZI-data=1292  
".\Flash\Blinky.axf" - 0 Error(s), 5 Warning(s).
Build target 'LPC2378 Flash'
linking...
Program Size: Code=1444 RO-data=32 RW-data=12 ZI-data=1292  
".\Flash\Blinky.axf" - 0 Error(s), 0 Warning(s).
Build target 'LPC2378 Flash'
linking...
Program Size: Code=1444 RO-data=32 RW-data=12 ZI-data=1292  
".\Flash\Blinky.axf" - 0 Error(s), 0 Warning(s).
Build target 'LPC2378 Flash'
linking...
Program Size: Code=1444 RO-data=32 RW-data=12 ZI-data=1292  
".\Flash\Blinky.axf" - 0 Error(s), 0 Warning(s).
Build target 'LPC2378 Flash'
linking...
Program Size: Code=1444 RO-data=32 RW-data=12 ZI-data=1292  
".\Flash\Blinky.axf" - 0 Error(s), 0 Warning(s).
Load "D:\\Blinky\\Flash\\Blinky.AXF" 
Erase Done.
Programming Done.
Verify OK.
Application running ...
Build target 'LPC2378 Flash'
assembling LPC2300.s...
LPC2300.s: Error: A9932E: LICENSE ERROR (R208: RENEW LICENSE ID CODE (LIC))
Target not created
Build target 'LPC2378 Flash'
linking...
Program Size: Code=1444 RO-data=32 RW-data=12 ZI-data=1292  
".\Flash\Blinky.axf" - 0 Error(s), 0 Warning(s).
Load "D:\\Blinky\\Flash\\Blinky.AXF" 
Erase Done.
Programming Done.
Verify OK.
Application running ...
Load "D:\\Blinky\\Flash\\Blinky.AXF" 
Erase Done.
Programming Done.
Verify OK.
Application running ...
Build target 'LPC2378 Flash'
compiling Blinky.c...
Blinky.c: Error: C9932E: LICENSE ERROR (R208: RENEW LICENSE ID CODE (LIC))
Target not created
Build target 'LPC2378 Flash'
assembling LPC2300.s...
compiling Blinky.c...
Blinky.c(149): warning:  #68-D: integer conversion resulted in a change of sign
Blinky.c(159): warning:  #68-D: integer conversion resulted in a change of sign
Blinky.c(168): warning:  #68-D: integer conversion resulted in a change of sign
Blinky.c(178): warning:  #68-D: integer conversion resulted in a change of sign
Blinky.c(185): warning:  #68-D: integer conversion resulted in a change of sign
linking...
Program Size: Code=1452 RO-data=32 RW-data=12 ZI-data=1292  
".\Flash\Blinky.axf" - 0 Error(s), 5 Warning(s).
Load "D:\\Blinky\\Flash\\Blinky.AXF" 
Erase Done.
Programming Done.
Verify OK.
Application running ...
Build target 'LPC2378 Flash'
linking...
Program Size: Code=1452 RO-data=32 RW-data=12 ZI-data=1292  
".\Flash\Blinky.axf" - 0 Error(s), 0 Warning(s).
Load "D:\\Blinky\\Flash\\Blinky.AXF" 
Erase Done.
Programming Done.
Verify OK.
Application running ...
Build target 'LPC2378 Flash'
assembling LPC2300.s...
compiling Blinky.c...
Blinky.c(44): warning:  #1295-D: Deprecated declaration getCommand - give arg types
Blinky.c(102): error:  #140: too many arguments in function call
Blinky.c(149): warning:  #68-D: integer conversion resulted in a change of sign
Blinky.c(159): warning:  #68-D: integer conversion resulted in a change of sign
Blinky.c(168): warning:  #68-D: integer conversion resulted in a change of sign
Blinky.c(178): warning:  #68-D: integer conversion resulted in a change of sign
Blinky.c(185): warning:  #68-D: integer conversion resulted in a change of sign
Target not created
Build target 'LPC2378 Flash'
assembling LPC2300.s...
compiling Blinky.c...
Blinky.c(44): warning:  #1295-D: Deprecated declaration getCommand - give arg types
Blinky.c(149): warning:  #68-D: integer conversion resulted in a change of sign
Blinky.c(159): warning:  #68-D: integer conversion resulted in a change of sign
Blinky.c(168): warning:  #68-D: integer conversion resulted in a change of sign
Blinky.c(178): warning:  #68-D: integer conversion resulted in a change of sign
Blinky.c(185): warning:  #68-D: integer conversion resulted in a change of sign
linking...
Program Size: Code=1544 RO-data=32 RW-data=12 ZI-data=1292  
".\Flash\Blinky.axf" - 0 Error(s), 6 Warning(s).
Build target 'LPC2378 Flash'
compiling Blinky.c...
Blinky.c(99): error:  #140: too many arguments in function call
Blinky.c(149): warning:  #68-D: integer conversion resulted in a change of sign
Blinky.c(159): warning:  #68-D: integer conversion resulted in a change of sign
Blinky.c(168): warning:  #68-D: integer conversion resulted in a change of sign
Blinky.c(178): warning:  #68-D: integer conversion resulted in a change of sign
Blinky.c(185): warning:  #68-D: integer conversion resulted in a change of sign
Target not created
Build target 'LPC2378 Flash'
compiling Blinky.c...
Blinky.c(149): warning:  #68-D: integer conversion resulted in a change of sign
Blinky.c(159): warning:  #68-D: integer conversion resulted in a change of sign
Blinky.c(168): warning:  #68-D: integer conversion resulted in a change of sign
Blinky.c(178): warning:  #68-D: integer conversion resulted in a change of sign
Blinky.c(185): warning:  #68-D: integer conversion resulted in a change of sign
linking...
Program Size: Code=1536 RO-data=32 RW-data=12 ZI-data=1292  
".\Flash\Blinky.axf" - 0 Error(s), 5 Warning(s).
Build target 'LPC2378 Flash'
compiling Blinky.c...
Blinky.c(150): warning:  #68-D: integer conversion resulted in a change of sign
Blinky.c(160): warning:  #68-D: integer conversion resulted in a change of sign
Blinky.c(169): warning:  #68-D: integer conversion resulted in a change of sign
Blinky.c(179): warning:  #68-D: integer conversion resulted in a change of sign
Blinky.c(186): warning:  #68-D: integer conversion resulted in a change of sign
linking...
Program Size: Code=1544 RO-data=32 RW-data=12 ZI-data=1292  
".\Flash\Blinky.axf" - 0 Error(s), 5 Warning(s).
Load "D:\\Blinky\\Flash\\Blinky.AXF" 
Erase Done.
Programming Done.
Verify OK.
Application running ...
Build target 'LPC2378 Flash'
assembling LPC2300.s...
compiling Blinky.c...
Blinky.c(150): warning:  #68-D: integer conversion resulted in a change of sign
Blinky.c(160): warning:  #68-D: integer conversion resulted in a change of sign
Blinky.c(169): warning:  #68-D: integer conversion resulted in a change of sign
Blinky.c(179): warning:  #68-D: integer conversion resulted in a change of sign
Blinky.c(186): warning:  #68-D: integer conversion resulted in a change of sign
linking...
Program Size: Code=1544 RO-data=32 RW-data=12 ZI-data=1292  
".\Flash\Blinky.axf" - 0 Error(s), 5 Warning(s).
Build target 'LPC2378 Flash'
assembling LPC2300.s...
compiling Blinky.c...
Blinky.c(150): warning:  #68-D: integer conversion resulted in a change of sign
Blinky.c(160): warning:  #68-D: integer conversion resulted in a change of sign
Blinky.c(169): warning:  #68-D: integer conversion resulted in a change of sign
Blinky.c(179): warning:  #68-D: integer conversion resulted in a change of sign
Blinky.c(186): warning:  #68-D: integer conversion resulted in a change of sign
linking...
Program Size: Code=1544 RO-data=32 RW-data=12 ZI-data=1292  
".\Flash\Blinky.axf" - 0 Error(s), 5 Warning(s).
Build target 'LPC2378 Flash'
assembling LPC2300.s...
compiling Blinky.c...
Blinky.c(150): warning:  #68-D: integer conversion resulted in a change of sign
Blinky.c(160): warning:  #68-D: integer conversion resulted in a change of sign
Blinky.c(169): warning:  #68-D: integer conversion resulted in a change of sign
Blinky.c(179): warning:  #68-D: integer conversion resulted in a change of sign
Blinky.c(186): warning:  #68-D: integer conversion resulted in a change of sign
linking...
Program Size: Code=1544 RO-data=32 RW-data=12 ZI-data=1292  
".\Flash\Blinky.axf" - 0 Error(s), 5 Warning(s).
Build target 'LPC2378 Flash'
assembling LPC2300.s...
compiling Blinky.c...
Blinky.c(145): warning:  #68-D: integer conversion resulted in a change of sign
linking...
Program Size: Code=1396 RO-data=32 RW-data=16 ZI-data=1288  
".\Flash\Blinky.axf" - 0 Error(s), 1 Warning(s).
Load "D:\\Blinky\\Flash\\Blinky.AXF" 
Erase Done.
Programming Done.
Verify OK.
Application running ...
Build target 'LPC2378 Flash'
compiling Blinky.c...
Blinky.c(146): warning:  #68-D: integer conversion resulted in a change of sign
linking...
Program Size: Code=1404 RO-data=32 RW-data=16 ZI-data=1288  
".\Flash\Blinky.axf" - 0 Error(s), 1 Warning(s).
Build target 'LPC2378 Flash'
linking...
Program Size: Code=1404 RO-data=32 RW-data=16 ZI-data=1288  
".\Flash\Blinky.axf" - 0 Error(s), 0 Warning(s).
Build target 'LPC2378 Flash'
linking...
Program Size: Code=1404 RO-data=32 RW-data=16 ZI-data=1288  
".\Flash\Blinky.axf" - 0 Error(s), 0 Warning(s).
Build target 'LPC2378 Flash'
linking...
Program Size: Code=1404 RO-data=32 RW-data=16 ZI-data=1288  
".\Flash\Blinky.axf" - 0 Error(s), 0 Warning(s).
Build target 'LPC2378 Flash'
linking...
Program Size: Code=1404 RO-data=32 RW-data=16 ZI-data=1288  
".\Flash\Blinky.axf" - 0 Error(s), 0 Warning(s).
Build target 'LPC2378 Flash'
linking...
Program Size: Code=1404 RO-data=32 RW-data=16 ZI-data=1288  
".\Flash\Blinky.axf" - 0 Error(s), 0 Warning(s).
Load "D:\\Blinky\\Flash\\Blinky.AXF" 
Erase Done.
Programming Done.
Verify OK.
Application running ...
Build target 'LPC2378 Flash'
assembling LPC2300.s...
compiling Blinky.c...
Blinky.c(146): warning:  #68-D: integer conversion resulted in a change of sign
linking...
Program Size: Code=1404 RO-data=32 RW-data=16 ZI-data=1288  
".\Flash\Blinky.axf" - 0 Error(s), 1 Warning(s).
Load "D:\\Blinky\\Flash\\Blinky.AXF" 
Erase Done.
Programming Done.
Verify OK.
Application running ...
Build target 'LPC2378 Flash'
assembling LPC2300.s...
compiling Blinky.c...
Blinky.c(146): warning:  #68-D: integer conversion resulted in a change of sign
linking...
Program Size: Code=1416 RO-data=32 RW-data=16 ZI-data=1288  
".\Flash\Blinky.axf" - 0 Error(s), 1 Warning(s).
Load "D:\\Blinky\\Flash\\Blinky.AXF" 
Erase Done.
Programming Done.
Verify OK.
Application running ...
Build target 'LPC2378 Flash'
compiling Blinky.c...
Blinky.c(147): warning:  #68-D: integer conversion resulted in a change of sign
linking...
Program Size: Code=1424 RO-data=32 RW-data=16 ZI-data=1288  
".\Flash\Blinky.axf" - 0 Error(s), 1 Warning(s).
Load "D:\\Blinky\\Flash\\Blinky.AXF" 
Erase Done.
Programming Done.
Verify OK.
Application running ...
Build target 'LPC2378 Flash'
assembling LPC2300.s...
compiling Blinky.c...
Blinky.c(147): warning:  #68-D: integer conversion resulted in a change of sign
linking...
Program Size: Code=1424 RO-data=32 RW-data=16 ZI-data=1288  
".\Flash\Blinky.axf" - 0 Error(s), 1 Warning(s).
