ARM Linker, RVCT3.1 [Build 939] for uVision [Standard]

================================================================================

Section Cross References

    lpc2300.o(RESET) refers to lpc2300.o(STACK) for Stack_Top
    lpc2300.o(RESET) refers to entry.o($$startup$$) for __main
    blinky.o(.text) refers to blinky.o(.data) for len
    entry.o($$startup$$) refers to init.o(.text) for __init
    entry.o($$startup$$) refers to lpc2300.o(STACK) for __initial_sp
    init.o(.text) refers to callvia.o(.text) for __ARM_call_via_r3
    init.o(.text) refers to init.o(.emb_text) for __call_main
    init.o(.text) refers to blinky.o(.text) for main


================================================================================

Removing Unused input sections from the image.

    Removing lpc2300.o(HEAP), (0 bytes).

1 unused section(s) (total 0 bytes) removed from the image.

================================================================================

Adding Veneers to the image

    Adding AT veneer (8 bytes, Inline) for call to '__init' from entry.o($$startup$$).

1 Veneer(s) (total 8 bytes) added to the image.

================================================================================

Image Symbol Table

    Local Symbols

    Symbol Name                              Value     Ov Type        Size  Object(Section)

    RESET                                    0x00000000   Section      356  lpc2300.o(RESET)
    ../../microlib/init/entry.s              0x00000000   Number         0  entry.o ABSOLUTE
    ../../microlib/init/handlers.c           0x00000000   Number         0  handlers.o ABSOLUTE
    ../../microlib/init/init.c               0x00000000   Number         0  init.o ABSOLUTE
    ../../unhosted.s                         0x00000000   Number         0  callvia.o ABSOLUTE
    Blinky.c                                 0x00000000   Number         0  blinky.o ABSOLUTE
    LPC2300.s                                0x00000000   Number         0  lpc2300.o ABSOLUTE
    dc.s                                     0x00000000   Number         0  dc.o ABSOLUTE
    Undef_Handler                            0x00000040   ARM Code       4  lpc2300.o(RESET)
    SWI_Handler                              0x00000044   ARM Code       4  lpc2300.o(RESET)
    PAbt_Handler                             0x00000048   ARM Code       4  lpc2300.o(RESET)
    DAbt_Handler                             0x0000004c   ARM Code       4  lpc2300.o(RESET)
    IRQ_Handler                              0x00000050   ARM Code       4  lpc2300.o(RESET)
    FIQ_Handler                              0x00000054   ARM Code       4  lpc2300.o(RESET)
    $$startup$$                              0x00000164   Section       12  entry.o($$startup$$)
    .emb_text                                0x00000170   Section        2  init.o(.emb_text)
    .text                                    0x00000174   Section      936  blinky.o(.text)
    .text                                    0x00000524   Section       40  init.o(.text)
    .text                                    0x0000054c   Section       16  callvia.o(.text)
    i.__scatterload_copy                     0x0000055c   Section       24  handlers.o(i.__scatterload_copy)
    i.__scatterload_null                     0x00000574   Section        4  handlers.o(i.__scatterload_null)
    i.__scatterload_zeroinit                 0x00000578   Section       24  handlers.o(i.__scatterload_zeroinit)
    .data                                    0x40000000   Section       16  blinky.o(.data)
    STACK                                    0x40000010   Section     1288  lpc2300.o(STACK)
    Stack_Top                                0x40000518   Number         0  lpc2300.o(STACK)

    Global Symbols

    Symbol Name                              Value     Ov Type        Size  Object(Section)

    BuildAttributes$$THM_ISAv1$ARM_ISAv4$M$S$PE$A:L22$X:L11$S22$IEEE1$IW$USESV6$~STKCKD$USESV7$~SHL$OSPACE$EBA8$MICROLIB$REQ8$EABIv2 0x00000000   Number         0  anon$$obj.o ABSOLUTE
    __ARM_use_no_argv                        0x00000000   Number         0  blinky.o ABSOLUTE
    __decompress                              - Undefined Weak Reference
    Reset_Handler                            0x00000058   ARM Code       0  lpc2300.o(RESET)
    __main                                   0x00000164   ARM Code       8  entry.o($$startup$$)
    __call_main                              0x00000171   Thumb Code     2  init.o(.emb_text)
    LED_Init                                 0x00000174   ARM Code      36  blinky.o(.text)
    LED_On                                   0x00000198   ARM Code      20  blinky.o(.text)
    LED_Off                                  0x000001ac   ARM Code      20  blinky.o(.text)
    LED_Out                                  0x000001c0   ARM Code      24  blinky.o(.text)
    addCommand                               0x000001d8   ARM Code      40  blinky.o(.text)
    sendchar                                 0x00000200   ARM Code      32  blinky.o(.text)
    print                                    0x00000220   ARM Code      64  blinky.o(.text)
    MeFunction                               0x00000260   ARM Code      40  blinky.o(.text)
    HelpFunction                             0x00000288   ARM Code      36  blinky.o(.text)
    getCommand                               0x000002ac   ARM Code     244  blinky.o(.text)
    getkey                                   0x000003a0   ARM Code      32  blinky.o(.text)
    UART1_Handler                            0x000003c0   ARM Code      80  blinky.o(.text)
    UART1_Init                               0x00000410   ARM Code     180  blinky.o(.text)
    delay                                    0x000004c4   ARM Code      32  blinky.o(.text)
    Init                                     0x000004e4   ARM Code      12  blinky.o(.text)
    main                                     0x000004f0   ARM Code      40  blinky.o(.text)
    Inline ARM to Thumb Veneer to __init     0x0000051c   ARM Code       0  init.o(.text)
    __init                                   0x00000525   Thumb Code    26  init.o(.text)
    __scatterload_rt2                        0x00000525   Thumb Code     0  init.o(.text)
    __ARM_call_via_r0                        0x0000054d   Thumb Code     2  callvia.o(.text)
    __call_via_r0                            0x0000054d   Thumb Code     0  callvia.o(.text)
    __ARM_call_via_r1                        0x0000054f   Thumb Code     2  callvia.o(.text)
    __call_via_r1                            0x0000054f   Thumb Code     0  callvia.o(.text)
    __ARM_call_via_r2                        0x00000551   Thumb Code     2  callvia.o(.text)
    __call_via_r2                            0x00000551   Thumb Code     0  callvia.o(.text)
    __ARM_call_via_r3                        0x00000553   Thumb Code     2  callvia.o(.text)
    __call_via_r3                            0x00000553   Thumb Code     0  callvia.o(.text)
    __ARM_call_via_r4                        0x00000555   Thumb Code     2  callvia.o(.text)
    __call_via_r4                            0x00000555   Thumb Code     0  callvia.o(.text)
    __ARM_call_via_r5                        0x00000557   Thumb Code     2  callvia.o(.text)
    __call_via_r5                            0x00000557   Thumb Code     0  callvia.o(.text)
    __ARM_call_via_r6                        0x00000559   Thumb Code     2  callvia.o(.text)
    __call_via_r6                            0x00000559   Thumb Code     0  callvia.o(.text)
    __ARM_call_via_r7                        0x0000055b   Thumb Code     2  callvia.o(.text)
    __call_via_r7                            0x0000055b   Thumb Code     0  callvia.o(.text)
    __scatterload_copy                       0x0000055c   ARM Code      24  handlers.o(i.__scatterload_copy)
    __scatterload_null                       0x00000574   ARM Code       4  handlers.o(i.__scatterload_null)
    __scatterload_zeroinit                   0x00000578   ARM Code      24  handlers.o(i.__scatterload_zeroinit)
    Region$$Table$$Base                      0x00000590   Number         0  anon$$obj.o(Region$$Table)
    Region$$Table$$Limit                     0x000005b0   Number         0  anon$$obj.o(Region$$Table)
    len                                      0x40000000   Data           4  blinky.o(.data)
    cmd                                      0x40000004   Data           6  blinky.o(.data)
    tmp                                      0x4000000a   Data           6  blinky.o(.data)
    __initial_sp                             0x40000410   Data         264  lpc2300.o(STACK)


================================================================================

Memory Map of the image

  Image Entry point : 0x00000164

  Load Region LR_IROM1 (Base: 0x00000000, Size: 0x000005c0, Max: 0x00080000, ABSOLUTE)

    Execution Region ER_IROM1 (Base: 0x00000000, Size: 0x000005b0, Max: 0x00080000, ABSOLUTE)

    Base Addr    Size         Type   Attr      Idx    E Section Name        Object

    0x00000000   0x00000164   Code   RO            3    RESET               lpc2300.o
    0x00000164   0x0000000c   Code   RO           30  * $$startup$$         entry.o(mc_t.l)
    0x00000170   0x00000002   Code   RO           35    .emb_text           init.o(mc_t.l)
    0x00000172   0x00000002   PAD
    0x00000174   0x000003a8   Code   RO            9    .text               blinky.o
    0x0000051c   0x00000008   Ven    RO           34    .text               init.o(mc_t.l)
    0x00000524   0x00000028   Code   RO           34    .text               init.o(mc_t.l)
    0x0000054c   0x00000010   Code   RO           38    .text               callvia.o(h_t.l)
    0x0000055c   0x00000018   Code   RO           40    i.__scatterload_copy  handlers.o(mc_t.l)
    0x00000574   0x00000004   Code   RO           42    i.__scatterload_null  handlers.o(mc_t.l)
    0x00000578   0x00000018   Code   RO           41    i.__scatterload_zeroinit  handlers.o(mc_t.l)
    0x00000590   0x00000020   Data   RO           39    Region$$Table       anon$$obj.o


    Execution Region RW_IRAM1 (Base: 0x40000000, Size: 0x00000518, Max: 0x00008000, ABSOLUTE)

    Base Addr    Size         Type   Attr      Idx    E Section Name        Object

    0x40000000   0x00000010   Data   RW           10    .data               blinky.o
    0x40000010   0x00000508   Zero   RW            1    STACK               lpc2300.o


================================================================================

Image component sizes


      Code (inc. data)   RO Data    RW Data    ZI Data      Debug   Object Name

       936         56          0         16          0       4819   blinky.o
       356         48          0          0       1288        256   lpc2300.o

    ------------------------------------------------------------------------
      1292        104         32         16       1288       5076   Object Totals
         0          0         32          0          0          0   (incl. Generated)
         0          0          0          0          0          1   (incl. Padding)

    ------------------------------------------------------------------------

      Code (inc. data)   RO Data    RW Data    ZI Data      Debug   Library Member Name

        16          0          0          0          0          0   callvia.o
        12          4          0          0          0          0   entry.o
        52          0          0          0          0          0   handlers.o
        50         14          0          0          0          0   init.o

    ------------------------------------------------------------------------
       132         18          0          0          0          0   Library Totals
         2          0          0          0          0          0   (incl. Padding)

    ------------------------------------------------------------------------

      Code (inc. data)   RO Data    RW Data    ZI Data      Debug   Library Name

        16          0          0          0          0          0   h_t.l
       114         18          0          0          0          0   mc_t.l

    ------------------------------------------------------------------------
       132         18          0          0          0          0   Library Totals

    ------------------------------------------------------------------------

================================================================================


      Code (inc. data)   RO Data    RW Data    ZI Data      Debug   

      1424        122         32         16       1288       5076   Grand Totals
      1424        122         32         16       1288       5076   ELF Image Totals
      1424        122         32         16          0          0   ROM Totals

================================================================================

    Total RO  Size (Code + RO Data)                 1456 (   1.42kB)
    Total RW  Size (RW Data + ZI Data)              1304 (   1.27kB)
    Total ROM Size (Code + RO Data + RW Data)       1472 (   1.44kB)

================================================================================

