<!doctype html public "-//w3c//dtd html 4.0 transitional//en">
<html><head>
<title>Static Call Graph - [.\Flash\Blinky.axf]</title></head>
<body><HR>
<H1>Static Call Graph for image .\Flash\Blinky.axf</H1><HR>
<BR><P>#&#060CALLGRAPH&#062# ARM Linker, RVCT3.1 [Build 939]: Last Updated: Thu Nov 26 15:07:26 2009
<BR><P>
<H3>Maximum Stack Usage =          4 bytes + Unknown(Functions without stacksize, Cycles, Untraceable Function Pointers)</H3><H3>
Call chain for Maximum Stack Depth:</H3>
main
<P>
<H3>
Functions with no stack information
</H3><UL>
 <LI><a href="#[b52e48]">Reset_Handler</a>
 <LI><a href="#[b53118]">Undef_Handler</a>
 <LI><a href="#[b530d0]">SWI_Handler</a>
 <LI><a href="#[b53088]">PAbt_Handler</a>
 <LI><a href="#[b53040]">DAbt_Handler</a>
 <LI><a href="#[b52ff8]">IRQ_Handler</a>
 <LI><a href="#[b52fb0]">FIQ_Handler</a>
</UL>
</UL>
<P>
<H3>
Mutually Recursive functions
</H3> <LI><a href="#[b53118]">Undef_Handler</a>&nbsp;&nbsp;&nbsp;&rArr;&nbsp;&nbsp;&nbsp;<a href="#[b53118]">Undef_Handler</a><BR>
 <LI><a href="#[b530d0]">SWI_Handler</a>&nbsp;&nbsp;&nbsp;&rArr;&nbsp;&nbsp;&nbsp;<a href="#[b530d0]">SWI_Handler</a><BR>
 <LI><a href="#[b53088]">PAbt_Handler</a>&nbsp;&nbsp;&nbsp;&rArr;&nbsp;&nbsp;&nbsp;<a href="#[b53088]">PAbt_Handler</a><BR>
 <LI><a href="#[b53040]">DAbt_Handler</a>&nbsp;&nbsp;&nbsp;&rArr;&nbsp;&nbsp;&nbsp;<a href="#[b53040]">DAbt_Handler</a><BR>
 <LI><a href="#[b52ff8]">IRQ_Handler</a>&nbsp;&nbsp;&nbsp;&rArr;&nbsp;&nbsp;&nbsp;<a href="#[b52ff8]">IRQ_Handler</a><BR>
 <LI><a href="#[b52fb0]">FIQ_Handler</a>&nbsp;&nbsp;&nbsp;&rArr;&nbsp;&nbsp;&nbsp;<a href="#[b52fb0]">FIQ_Handler</a><BR>
</UL>
<P>
<H3>
Function Pointers
</H3><UL>
 <LI><a href="#[b52e48]">Reset_Handler</a>
 <LI><a href="#[b53118]">Undef_Handler</a>
 <LI><a href="#[b530d0]">SWI_Handler</a>
 <LI><a href="#[b53088]">PAbt_Handler</a>
 <LI><a href="#[b53040]">DAbt_Handler</a>
 <LI><a href="#[b52ff8]">IRQ_Handler</a>
 <LI><a href="#[b52fb0]">FIQ_Handler</a>
 <LI><a href="#[b515a8]">__main</a>
 <LI><a href="#[b51f78]">main</a>
</UL>
<P>
<H3>
Global Symbols
</H3>
<P><STRONG><a name="[b52e48]"></a>Reset_Handler</STRONG> (ARM, 0 bytes, Stack size unknown bytes, lpc2300.o(RESET))
<BR>[Address Reference Count : 1]<UL><LI> lpc2300.o(RESET)
</UL>
<P><STRONG><a name="[b515a8]"></a>__main</STRONG> (ARM, 8 bytes, Stack size 0 bytes, entry.o($$startup$$))
<BR><BR>[Calls]<UL><LI><a href="#[b510f8]">&gt;&gt;</a>&nbsp;&nbsp;&nbsp;__init (via Veneer)
</UL>

<P><STRONG><a name="[b51140]"></a>__call_main</STRONG> (Thumb, 2 bytes, Stack size 0 bytes, init.o(.emb_text))
<BR><BR>[Called By]<UL><LI><a href="#[b510f8]">&gt;&gt;</a>&nbsp;&nbsp;&nbsp;__init
</UL>

<P><STRONG><a name="[b523b0]"></a>LED_Init</STRONG> (ARM, 36 bytes, Stack size 0 bytes, blinky.o(.text))
<BR><BR>[Called By]<UL><LI><a href="#[b51f78]">&gt;&gt;</a>&nbsp;&nbsp;&nbsp;main
</UL>

<P><STRONG><a name="[b52368]"></a>LED_On</STRONG> (ARM, 20 bytes, Stack size 0 bytes, blinky.o(.text), UNUSED)

<P><STRONG><a name="[b52320]"></a>LED_Off</STRONG> (ARM, 20 bytes, Stack size 0 bytes, blinky.o(.text), UNUSED)

<P><STRONG><a name="[b522d8]"></a>LED_Out</STRONG> (ARM, 24 bytes, Stack size 0 bytes, blinky.o(.text))
<BR><BR>[Called By]<UL><LI><a href="#[b51f78]">&gt;&gt;</a>&nbsp;&nbsp;&nbsp;main
</UL>

<P><STRONG><a name="[b52290]"></a>addCommand</STRONG> (ARM, 40 bytes, Stack size 0 bytes, blinky.o(.text), UNUSED)
<BR><BR>[Called By]<UL><LI><a href="#[b52098]">&gt;&gt;</a>&nbsp;&nbsp;&nbsp;UART1_Handler
</UL>

<P><STRONG><a name="[b52248]"></a>sendchar</STRONG> (ARM, 32 bytes, Stack size 0 bytes, blinky.o(.text), UNUSED)
<BR><BR>[Called By]<UL><LI><a href="#[b52098]">&gt;&gt;</a>&nbsp;&nbsp;&nbsp;UART1_Handler
<LI><a href="#[b52200]">&gt;&gt;</a>&nbsp;&nbsp;&nbsp;print
</UL>

<P><STRONG><a name="[b52200]"></a>print</STRONG> (ARM, 64 bytes, Stack size 8 bytes, blinky.o(.text), UNUSED)
<BR><BR>[Calls]<UL><LI><a href="#[b52248]">&gt;&gt;</a>&nbsp;&nbsp;&nbsp;sendchar
</UL>
<BR>[Called By]<UL><LI><a href="#[b52170]">&gt;&gt;</a>&nbsp;&nbsp;&nbsp;HelpFunction
<LI><a href="#[b521b8]">&gt;&gt;</a>&nbsp;&nbsp;&nbsp;MeFunction
</UL>

<P><STRONG><a name="[b521b8]"></a>MeFunction</STRONG> (ARM, 40 bytes, Stack size 20 bytes, blinky.o(.text), UNUSED)
<BR><BR>[Calls]<UL><LI><a href="#[b52200]">&gt;&gt;</a>&nbsp;&nbsp;&nbsp;print
</UL>
<BR>[Called By]<UL><LI><a href="#[b52128]">&gt;&gt;</a>&nbsp;&nbsp;&nbsp;getCommand
</UL>

<P><STRONG><a name="[b52170]"></a>HelpFunction</STRONG> (ARM, 36 bytes, Stack size 12 bytes, blinky.o(.text), UNUSED)
<BR><BR>[Calls]<UL><LI><a href="#[b52200]">&gt;&gt;</a>&nbsp;&nbsp;&nbsp;print
</UL>
<BR>[Called By]<UL><LI><a href="#[b52128]">&gt;&gt;</a>&nbsp;&nbsp;&nbsp;getCommand
</UL>

<P><STRONG><a name="[b52128]"></a>getCommand</STRONG> (ARM, 244 bytes, Stack size 8 bytes, blinky.o(.text), UNUSED)
<BR><BR>[Calls]<UL><LI><a href="#[b52170]">&gt;&gt;</a>&nbsp;&nbsp;&nbsp;HelpFunction
<LI><a href="#[b521b8]">&gt;&gt;</a>&nbsp;&nbsp;&nbsp;MeFunction
</UL>
<BR>[Called By]<UL><LI><a href="#[b52098]">&gt;&gt;</a>&nbsp;&nbsp;&nbsp;UART1_Handler
</UL>

<P><STRONG><a name="[b520e0]"></a>getkey</STRONG> (ARM, 32 bytes, Stack size 0 bytes, blinky.o(.text), UNUSED)
<BR><BR>[Called By]<UL><LI><a href="#[b52098]">&gt;&gt;</a>&nbsp;&nbsp;&nbsp;UART1_Handler
</UL>

<P><STRONG><a name="[b52098]"></a>UART1_Handler</STRONG> (ARM, 80 bytes, Stack size 28 bytes, blinky.o(.text), UNUSED)
<BR><BR>[Calls]<UL><LI><a href="#[b520e0]">&gt;&gt;</a>&nbsp;&nbsp;&nbsp;getkey
<LI><a href="#[b52128]">&gt;&gt;</a>&nbsp;&nbsp;&nbsp;getCommand
<LI><a href="#[b52248]">&gt;&gt;</a>&nbsp;&nbsp;&nbsp;sendchar
<LI><a href="#[b52290]">&gt;&gt;</a>&nbsp;&nbsp;&nbsp;addCommand
</UL>

<P><STRONG><a name="[b52050]"></a>UART1_Init</STRONG> (ARM, 180 bytes, Stack size 0 bytes, blinky.o(.text))
<BR><BR>[Called By]<UL><LI><a href="#[b51f78]">&gt;&gt;</a>&nbsp;&nbsp;&nbsp;main
</UL>

<P><STRONG><a name="[b52008]"></a>delay</STRONG> (ARM, 32 bytes, Stack size 0 bytes, blinky.o(.text))
<BR><BR>[Called By]<UL><LI><a href="#[b51f78]">&gt;&gt;</a>&nbsp;&nbsp;&nbsp;main
</UL>

<P><STRONG><a name="[b51fc0]"></a>Init</STRONG> (ARM, 12 bytes, Stack size 0 bytes, blinky.o(.text))
<BR><BR>[Called By]<UL><LI><a href="#[b51f78]">&gt;&gt;</a>&nbsp;&nbsp;&nbsp;main
</UL>

<P><STRONG><a name="[b51f78]"></a>main</STRONG> (ARM, 40 bytes, Stack size 4 bytes, blinky.o(.text))
<BR><BR>[Stack]<UL><LI>Max Depth = 4<LI>Call Chain = main
</UL>
<BR>[Calls]<UL><LI><a href="#[b51fc0]">&gt;&gt;</a>&nbsp;&nbsp;&nbsp;Init
<LI><a href="#[b52008]">&gt;&gt;</a>&nbsp;&nbsp;&nbsp;delay
<LI><a href="#[b52050]">&gt;&gt;</a>&nbsp;&nbsp;&nbsp;UART1_Init
<LI><a href="#[b522d8]">&gt;&gt;</a>&nbsp;&nbsp;&nbsp;LED_Out
<LI><a href="#[b523b0]">&gt;&gt;</a>&nbsp;&nbsp;&nbsp;LED_Init
</UL>
<BR>[Address Reference Count : 1]<UL><LI> init.o(.text)
</UL>
<P><STRONG><a name="[b510f8]"></a>__init</STRONG> (Thumb, 26 bytes, Stack size 0 bytes, init.o(.text))
<BR><BR>[Calls]<UL><LI><a href="#[b50bb8]">&gt;&gt;</a>&nbsp;&nbsp;&nbsp;__ARM_call_via_r3
<LI><a href="#[b51140]">&gt;&gt;</a>&nbsp;&nbsp;&nbsp;__call_main
</UL>
<BR>[Called By]<UL><LI><a href="#[b515a8]">&gt;&gt;</a>&nbsp;&nbsp;&nbsp;__main (via Veneer)
</UL>

<P><STRONG><a name="[b510b0]"></a>__scatterload_rt2</STRONG> (Thumb, 0 bytes, Stack size 0 bytes, init.o(.text), UNUSED)

<P><STRONG><a name="[b50d68]"></a>__ARM_call_via_r0</STRONG> (Thumb, 2 bytes, Stack size unknown bytes, callvia.o(.text), UNUSED)

<P><STRONG><a name="[b50d20]"></a>__call_via_r0</STRONG> (Thumb, 0 bytes, Stack size unknown bytes, callvia.o(.text), UNUSED)

<P><STRONG><a name="[b50cd8]"></a>__ARM_call_via_r1</STRONG> (Thumb, 2 bytes, Stack size unknown bytes, callvia.o(.text), UNUSED)

<P><STRONG><a name="[b50c90]"></a>__call_via_r1</STRONG> (Thumb, 0 bytes, Stack size unknown bytes, callvia.o(.text), UNUSED)

<P><STRONG><a name="[b50c48]"></a>__ARM_call_via_r2</STRONG> (Thumb, 2 bytes, Stack size unknown bytes, callvia.o(.text), UNUSED)

<P><STRONG><a name="[b50c00]"></a>__call_via_r2</STRONG> (Thumb, 0 bytes, Stack size unknown bytes, callvia.o(.text), UNUSED)

<P><STRONG><a name="[b50bb8]"></a>__ARM_call_via_r3</STRONG> (Thumb, 2 bytes, Stack size unknown bytes, callvia.o(.text))
<BR><BR>[Called By]<UL><LI><a href="#[b510f8]">&gt;&gt;</a>&nbsp;&nbsp;&nbsp;__init
</UL>

<P><STRONG><a name="[b50b70]"></a>__call_via_r3</STRONG> (Thumb, 0 bytes, Stack size unknown bytes, callvia.o(.text), UNUSED)

<P><STRONG><a name="[b50b28]"></a>__ARM_call_via_r4</STRONG> (Thumb, 2 bytes, Stack size unknown bytes, callvia.o(.text), UNUSED)

<P><STRONG><a name="[b50ae0]"></a>__call_via_r4</STRONG> (Thumb, 0 bytes, Stack size unknown bytes, callvia.o(.text), UNUSED)

<P><STRONG><a name="[b50a98]"></a>__ARM_call_via_r5</STRONG> (Thumb, 2 bytes, Stack size unknown bytes, callvia.o(.text), UNUSED)

<P><STRONG><a name="[b50a50]"></a>__call_via_r5</STRONG> (Thumb, 0 bytes, Stack size unknown bytes, callvia.o(.text), UNUSED)

<P><STRONG><a name="[b50a08]"></a>__ARM_call_via_r6</STRONG> (Thumb, 2 bytes, Stack size unknown bytes, callvia.o(.text), UNUSED)

<P><STRONG><a name="[b509c0]"></a>__call_via_r6</STRONG> (Thumb, 0 bytes, Stack size unknown bytes, callvia.o(.text), UNUSED)

<P><STRONG><a name="[b50978]"></a>__ARM_call_via_r7</STRONG> (Thumb, 2 bytes, Stack size unknown bytes, callvia.o(.text), UNUSED)

<P><STRONG><a name="[b50930]"></a>__call_via_r7</STRONG> (Thumb, 0 bytes, Stack size unknown bytes, callvia.o(.text), UNUSED)

<P><STRONG><a name="[b50538]"></a>__scatterload_copy</STRONG> (ARM, 24 bytes, Stack size unknown bytes, handlers.o(i.__scatterload_copy), UNUSED)
<BR><BR>[Calls]<UL><LI><a href="#[b50538]">&gt;&gt;</a>&nbsp;&nbsp;&nbsp;__scatterload_copy
</UL>
<BR>[Called By]<UL><LI><a href="#[b50538]">&gt;&gt;</a>&nbsp;&nbsp;&nbsp;__scatterload_copy
</UL>

<P><STRONG><a name="[b504f0]"></a>__scatterload_null</STRONG> (ARM, 4 bytes, Stack size unknown bytes, handlers.o(i.__scatterload_null), UNUSED)

<P><STRONG><a name="[b504a8]"></a>__scatterload_zeroinit</STRONG> (ARM, 24 bytes, Stack size unknown bytes, handlers.o(i.__scatterload_zeroinit), UNUSED)
<P>
<H3>
Local Symbols
</H3>
<P><STRONG><a name="[b53118]"></a>Undef_Handler</STRONG> (ARM, 4 bytes, Stack size unknown bytes, lpc2300.o(RESET))
<BR><BR>[Calls]<UL><LI><a href="#[b53118]">&gt;&gt;</a>&nbsp;&nbsp;&nbsp;Undef_Handler
</UL>
<BR>[Called By]<UL><LI><a href="#[b53118]">&gt;&gt;</a>&nbsp;&nbsp;&nbsp;Undef_Handler
</UL>
<BR>[Address Reference Count : 1]<UL><LI> lpc2300.o(RESET)
</UL>
<P><STRONG><a name="[b530d0]"></a>SWI_Handler</STRONG> (ARM, 4 bytes, Stack size unknown bytes, lpc2300.o(RESET))
<BR><BR>[Calls]<UL><LI><a href="#[b530d0]">&gt;&gt;</a>&nbsp;&nbsp;&nbsp;SWI_Handler
</UL>
<BR>[Called By]<UL><LI><a href="#[b530d0]">&gt;&gt;</a>&nbsp;&nbsp;&nbsp;SWI_Handler
</UL>
<BR>[Address Reference Count : 1]<UL><LI> lpc2300.o(RESET)
</UL>
<P><STRONG><a name="[b53088]"></a>PAbt_Handler</STRONG> (ARM, 4 bytes, Stack size unknown bytes, lpc2300.o(RESET))
<BR><BR>[Calls]<UL><LI><a href="#[b53088]">&gt;&gt;</a>&nbsp;&nbsp;&nbsp;PAbt_Handler
</UL>
<BR>[Called By]<UL><LI><a href="#[b53088]">&gt;&gt;</a>&nbsp;&nbsp;&nbsp;PAbt_Handler
</UL>
<BR>[Address Reference Count : 1]<UL><LI> lpc2300.o(RESET)
</UL>
<P><STRONG><a name="[b53040]"></a>DAbt_Handler</STRONG> (ARM, 4 bytes, Stack size unknown bytes, lpc2300.o(RESET))
<BR><BR>[Calls]<UL><LI><a href="#[b53040]">&gt;&gt;</a>&nbsp;&nbsp;&nbsp;DAbt_Handler
</UL>
<BR>[Called By]<UL><LI><a href="#[b53040]">&gt;&gt;</a>&nbsp;&nbsp;&nbsp;DAbt_Handler
</UL>
<BR>[Address Reference Count : 1]<UL><LI> lpc2300.o(RESET)
</UL>
<P><STRONG><a name="[b52ff8]"></a>IRQ_Handler</STRONG> (ARM, 4 bytes, Stack size unknown bytes, lpc2300.o(RESET))
<BR><BR>[Calls]<UL><LI><a href="#[b52ff8]">&gt;&gt;</a>&nbsp;&nbsp;&nbsp;IRQ_Handler
</UL>
<BR>[Called By]<UL><LI><a href="#[b52ff8]">&gt;&gt;</a>&nbsp;&nbsp;&nbsp;IRQ_Handler
</UL>
<BR>[Address Reference Count : 1]<UL><LI> lpc2300.o(RESET)
</UL>
<P><STRONG><a name="[b52fb0]"></a>FIQ_Handler</STRONG> (ARM, 4 bytes, Stack size unknown bytes, lpc2300.o(RESET))
<BR><BR>[Calls]<UL><LI><a href="#[b52fb0]">&gt;&gt;</a>&nbsp;&nbsp;&nbsp;FIQ_Handler
</UL>
<BR>[Called By]<UL><LI><a href="#[b52fb0]">&gt;&gt;</a>&nbsp;&nbsp;&nbsp;FIQ_Handler
</UL>
<BR>[Address Reference Count : 1]<UL><LI> lpc2300.o(RESET)
</UL><P>
<H3>
Undefined Global Symbols
</H3><HR></body></html>
