ARM Linker, RVCT3.1 [Build 919] for uVision [Standard]

================================================================================

Section Cross References

    lpc2300.o(RESET) refers to lpc2300.o(STACK) for Stack_Top
    lpc2300.o(RESET) refers to entry.o($$startup$$) for __main
    retarget.o(.text) refers to serial.o(.text) for sendchar
    blinky.o(.text) refers to lcd_4bit.o(.text) for set_cursor
    blinky.o(.text) refers to serial.o(.text) for sendchar
    blinky.o(.text) refers to printf1.o(i.__0printf_1) for __1printf
    blinky.o(.text) refers to blinky.o(.bss) for t
    blinky.o(.text) refers to blinky.o(.data) for wdt_counter
    blinky.o(.text) refers to memcpya.o(.text) for __aeabi_memcpy
    blinky.o(.text) refers (Special) to stubs.o(c$$printf_stubs) for _printf_int_dec
    blinky.o(.data) refers (Special) to stubs.o(c$$printf_stubs) for _printf_int_dec
    blinky.o(.bss) refers (Special) to stubs.o(c$$printf_stubs) for _printf_int_dec
    lcd_4bit.o(.text) refers to lcd_4bit.o(.constdata) for UserFont
    irq.o(.text) refers to blinky.o(.text) for LED_On
    irq.o(.text) refers to irq.o(.data) for .data
    entry.o($$startup$$) refers to init.o(.text) for __init
    entry.o($$startup$$) refers to lpc2300.o(STACK) for __initial_sp
    printfb.o(i.__0fprintf_bare) refers to printfb.o(i._printf_core) for _printf_core
    printfb.o(i.__0fprintf_bare) refers to retarget.o(.text) for fputc
    printfb.o(i.__0vfprintf_bare) refers to printfb.o(i._printf_core) for _printf_core
    printfb.o(i.__0vfprintf_bare) refers to retarget.o(.text) for fputc
    printfb.o(i.__0printf_bare) refers to printfb.o(i._printf_core) for _printf_core
    printfb.o(i.__0printf_bare) refers to retarget.o(.text) for fputc
    printfb.o(i.__0printf_bare) refers to retarget.o(.data) for __stdout
    printfb.o(i.__0vprintf_bare) refers to printfb.o(i._printf_core) for _printf_core
    printfb.o(i.__0vprintf_bare) refers to retarget.o(.text) for fputc
    printfb.o(i.__0vprintf_bare) refers to retarget.o(.data) for __stdout
    printfb.o(i.__0sprintf_bare) refers to printfb.o(i._printf_core) for _printf_core
    printfb.o(i.__0sprintf_bare) refers to printfb.o(i._sputc) for _sputc
    printfb.o(i.__0vsprintf_bare) refers to printfb.o(i._printf_core) for _printf_core
    printfb.o(i.__0vsprintf_bare) refers to printfb.o(i._sputc) for _sputc
    printfb.o(i._printf_core) refers to callvia.o(.text) for __ARM_call_via_r6
    printf0.o(i.__0fprintf_0) refers to printf0.o(i._printf_core) for _printf_core
    printf0.o(i.__0fprintf_0) refers to retarget.o(.text) for fputc
    printf0.o(i.__0vfprintf_0) refers to printf0.o(i._printf_core) for _printf_core
    printf0.o(i.__0vfprintf_0) refers to retarget.o(.text) for fputc
    printf0.o(i.__0printf_0) refers to printf0.o(i._printf_core) for _printf_core
    printf0.o(i.__0printf_0) refers to retarget.o(.text) for fputc
    printf0.o(i.__0printf_0) refers to retarget.o(.data) for __stdout
    printf0.o(i.__0vprintf_0) refers to printf0.o(i._printf_core) for _printf_core
    printf0.o(i.__0vprintf_0) refers to retarget.o(.text) for fputc
    printf0.o(i.__0vprintf_0) refers to retarget.o(.data) for __stdout
    printf0.o(i.__0sprintf_0) refers to printf0.o(i._printf_core) for _printf_core
    printf0.o(i.__0sprintf_0) refers to printf0.o(i._sputc) for _sputc
    printf0.o(i.__0vsprintf_0) refers to printf0.o(i._printf_core) for _printf_core
    printf0.o(i.__0vsprintf_0) refers to printf0.o(i._sputc) for _sputc
    printf0.o(i._printf_core) refers to callvia.o(.text) for __ARM_call_via_r6
    printf1.o(i._printf_core) refers to uidiv.o(.text) for __aeabi_uidivmod
    printf1.o(i._printf_core) refers to callvia.o(.text) for __ARM_call_via_r2
    printf1.o(i.__0fprintf_1) refers to printf1.o(i._printf_core) for _printf_core
    printf1.o(i.__0fprintf_1) refers to retarget.o(.text) for fputc
    printf1.o(i.__0vfprintf_1) refers to printf1.o(i._printf_core) for _printf_core
    printf1.o(i.__0vfprintf_1) refers to retarget.o(.text) for fputc
    printf1.o(i.__0printf_1) refers to printf1.o(i._printf_core) for _printf_core
    printf1.o(i.__0printf_1) refers to retarget.o(.data) for __stdout
    printf1.o(i.__0printf_1) refers to retarget.o(.text) for fputc
    printf1.o(i.__0vprintf_1) refers to printf1.o(i._printf_core) for _printf_core
    printf1.o(i.__0vprintf_1) refers to retarget.o(.data) for __stdout
    printf1.o(i.__0vprintf_1) refers to retarget.o(.text) for fputc
    printf1.o(i.__0sprintf_1) refers to printf1.o(i._printf_core) for _printf_core
    printf1.o(i.__0sprintf_1) refers to printf1.o(i._sputc) for _sputc
    printf1.o(i.__0vsprintf_1) refers to printf1.o(i._printf_core) for _printf_core
    printf1.o(i.__0vsprintf_1) refers to printf1.o(i._sputc) for _sputc
    printf2.o(i._printf_core) refers to callvia.o(.text) for __ARM_call_via_r2
    printf2.o(i.__0fprintf_2) refers to printf2.o(i._printf_core) for _printf_core
    printf2.o(i.__0fprintf_2) refers to retarget.o(.text) for fputc
    printf2.o(i.__0vfprintf_2) refers to printf2.o(i._printf_core) for _printf_core
    printf2.o(i.__0vfprintf_2) refers to retarget.o(.text) for fputc
    printf2.o(i.__0printf_2) refers to printf2.o(i._printf_core) for _printf_core
    printf2.o(i.__0printf_2) refers to retarget.o(.data) for __stdout
    printf2.o(i.__0printf_2) refers to retarget.o(.text) for fputc
    printf2.o(i.__0vprintf_2) refers to printf2.o(i._printf_core) for _printf_core
    printf2.o(i.__0vprintf_2) refers to retarget.o(.data) for __stdout
    printf2.o(i.__0vprintf_2) refers to retarget.o(.text) for fputc
    printf2.o(i.__0sprintf_2) refers to printf2.o(i._printf_core) for _printf_core
    printf2.o(i.__0sprintf_2) refers to printf2.o(i._sputc) for _sputc
    printf2.o(i.__0vsprintf_2) refers to printf2.o(i._printf_core) for _printf_core
    printf2.o(i.__0vsprintf_2) refers to printf2.o(i._sputc) for _sputc
    printf3.o(i._printf_core) refers to callvia.o(.text) for __ARM_call_via_r2
    printf3.o(i._printf_core) refers to uidiv.o(.text) for __aeabi_uidivmod
    printf3.o(i.__0fprintf_3) refers to printf3.o(i._printf_core) for _printf_core
    printf3.o(i.__0fprintf_3) refers to retarget.o(.text) for fputc
    printf3.o(i.__0vfprintf_3) refers to printf3.o(i._printf_core) for _printf_core
    printf3.o(i.__0vfprintf_3) refers to retarget.o(.text) for fputc
    printf3.o(i.__0printf_3) refers to printf3.o(i._printf_core) for _printf_core
    printf3.o(i.__0printf_3) refers to retarget.o(.data) for __stdout
    printf3.o(i.__0printf_3) refers to retarget.o(.text) for fputc
    printf3.o(i.__0vprintf_3) refers to printf3.o(i._printf_core) for _printf_core
    printf3.o(i.__0vprintf_3) refers to retarget.o(.data) for __stdout
    printf3.o(i.__0vprintf_3) refers to retarget.o(.text) for fputc
    printf3.o(i.__0sprintf_3) refers to printf3.o(i._printf_core) for _printf_core
    printf3.o(i.__0sprintf_3) refers to printf3.o(i._sputc) for _sputc
    printf3.o(i.__0vsprintf_3) refers to printf3.o(i._printf_core) for _printf_core
    printf3.o(i.__0vsprintf_3) refers to printf3.o(i._sputc) for _sputc
    printf4.o(i._printf_core) refers to callvia.o(.text) for __ARM_call_via_r2
    printf4.o(i._printf_core) refers to uldiv.o(.text) for __aeabi_uldivmod
    printf4.o(i.__0fprintf_4) refers to printf4.o(i._printf_core) for _printf_core
    printf4.o(i.__0fprintf_4) refers to retarget.o(.text) for fputc
    printf4.o(i.__0vfprintf_4) refers to printf4.o(i._printf_core) for _printf_core
    printf4.o(i.__0vfprintf_4) refers to retarget.o(.text) for fputc
    printf4.o(i.__0printf_4) refers to printf4.o(i._printf_core) for _printf_core
    printf4.o(i.__0printf_4) refers to retarget.o(.data) for __stdout
    printf4.o(i.__0printf_4) refers to retarget.o(.text) for fputc
    printf4.o(i.__0vprintf_4) refers to printf4.o(i._printf_core) for _printf_core
    printf4.o(i.__0vprintf_4) refers to retarget.o(.data) for __stdout
    printf4.o(i.__0vprintf_4) refers to retarget.o(.text) for fputc
    printf4.o(i.__0sprintf_4) refers to printf4.o(i._printf_core) for _printf_core
    printf4.o(i.__0sprintf_4) refers to printf4.o(i._sputc) for _sputc
    printf4.o(i.__0vsprintf_4) refers to printf4.o(i._printf_core) for _printf_core
    printf4.o(i.__0vsprintf_4) refers to printf4.o(i._sputc) for _sputc
    printf5.o(i._printf_core) refers to callvia.o(.text) for __ARM_call_via_r2
    printf5.o(i._printf_core) refers to uldiv.o(.text) for __aeabi_uldivmod
    printf5.o(i.__0fprintf_5) refers to printf5.o(i._printf_core) for _printf_core
    printf5.o(i.__0fprintf_5) refers to retarget.o(.text) for fputc
    printf5.o(i.__0vfprintf_5) refers to printf5.o(i._printf_core) for _printf_core
    printf5.o(i.__0vfprintf_5) refers to retarget.o(.text) for fputc
    printf5.o(i.__0printf_5) refers to printf5.o(i._printf_core) for _printf_core
    printf5.o(i.__0printf_5) refers to retarget.o(.data) for __stdout
    printf5.o(i.__0printf_5) refers to retarget.o(.text) for fputc
    printf5.o(i.__0vprintf_5) refers to printf5.o(i._printf_core) for _printf_core
    printf5.o(i.__0vprintf_5) refers to retarget.o(.data) for __stdout
    printf5.o(i.__0vprintf_5) refers to retarget.o(.text) for fputc
    printf5.o(i.__0sprintf_5) refers to printf5.o(i._printf_core) for _printf_core
    printf5.o(i.__0sprintf_5) refers to printf5.o(i._sputc) for _sputc
    printf5.o(i.__0vsprintf_5) refers to printf5.o(i._printf_core) for _printf_core
    printf5.o(i.__0vsprintf_5) refers to printf5.o(i._sputc) for _sputc
    printf6.o(i._printf_core) refers to printf6.o(i._printf_pre_padding) for _printf_pre_padding
    printf6.o(i._printf_core) refers to callvia.o(.text) for __ARM_call_via_r2
    printf6.o(i._printf_core) refers to printf6.o(i._printf_post_padding) for _printf_post_padding
    printf6.o(i._printf_core) refers to uidiv.o(.text) for __aeabi_uidivmod
    printf6.o(i.__0fprintf_6) refers to printf6.o(i._printf_core) for _printf_core
    printf6.o(i.__0fprintf_6) refers to retarget.o(.text) for fputc
    printf6.o(i.__0vfprintf_6) refers to printf6.o(i._printf_core) for _printf_core
    printf6.o(i.__0vfprintf_6) refers to retarget.o(.text) for fputc
    printf6.o(i.__0printf_6) refers to printf6.o(i._printf_core) for _printf_core
    printf6.o(i.__0printf_6) refers to retarget.o(.data) for __stdout
    printf6.o(i.__0printf_6) refers to retarget.o(.text) for fputc
    printf6.o(i.__0vprintf_6) refers to printf6.o(i._printf_core) for _printf_core
    printf6.o(i.__0vprintf_6) refers to retarget.o(.data) for __stdout
    printf6.o(i.__0vprintf_6) refers to retarget.o(.text) for fputc
    printf6.o(i.__0sprintf_6) refers to printf6.o(i._printf_core) for _printf_core
    printf6.o(i.__0sprintf_6) refers to printf6.o(i._sputc) for _sputc
    printf6.o(i.__0vsprintf_6) refers to printf6.o(i._printf_core) for _printf_core
    printf6.o(i.__0vsprintf_6) refers to printf6.o(i._sputc) for _sputc
    printf6.o(i._printf_pre_padding) refers to callvia.o(.text) for __ARM_call_via_r6
    printf6.o(i._printf_post_padding) refers to callvia.o(.text) for __ARM_call_via_r6
    printf7.o(i._printf_core) refers to printf7.o(i._printf_pre_padding) for _printf_pre_padding
    printf7.o(i._printf_core) refers to callvia.o(.text) for __ARM_call_via_r2
    printf7.o(i._printf_core) refers to printf7.o(i._printf_post_padding) for _printf_post_padding
    printf7.o(i._printf_core) refers to uldiv.o(.text) for __aeabi_uldivmod
    printf7.o(i.__0fprintf_7) refers to printf7.o(i._printf_core) for _printf_core
    printf7.o(i.__0fprintf_7) refers to retarget.o(.text) for fputc
    printf7.o(i.__0vfprintf_7) refers to printf7.o(i._printf_core) for _printf_core
    printf7.o(i.__0vfprintf_7) refers to retarget.o(.text) for fputc
    printf7.o(i.__0printf_7) refers to printf7.o(i._printf_core) for _printf_core
    printf7.o(i.__0printf_7) refers to retarget.o(.data) for __stdout
    printf7.o(i.__0printf_7) refers to retarget.o(.text) for fputc
    printf7.o(i.__0vprintf_7) refers to printf7.o(i._printf_core) for _printf_core
    printf7.o(i.__0vprintf_7) refers to retarget.o(.data) for __stdout
    printf7.o(i.__0vprintf_7) refers to retarget.o(.text) for fputc
    printf7.o(i.__0sprintf_7) refers to printf7.o(i._printf_core) for _printf_core
    printf7.o(i.__0sprintf_7) refers to printf7.o(i._sputc) for _sputc
    printf7.o(i.__0vsprintf_7) refers to printf7.o(i._printf_core) for _printf_core
    printf7.o(i.__0vsprintf_7) refers to printf7.o(i._sputc) for _sputc
    printf7.o(i._printf_pre_padding) refers to callvia.o(.text) for __ARM_call_via_r6
    printf7.o(i._printf_post_padding) refers to callvia.o(.text) for __ARM_call_via_r6
    printf8.o(i._printf_core) refers to printf8.o(i._printf_pre_padding) for _printf_pre_padding
    printf8.o(i._printf_core) refers to callvia.o(.text) for __ARM_call_via_r2
    printf8.o(i._printf_core) refers to printf8.o(i._printf_post_padding) for _printf_post_padding
    printf8.o(i._printf_core) refers to uldiv.o(.text) for __aeabi_uldivmod
    printf8.o(i.__0fprintf_8) refers to printf8.o(i._printf_core) for _printf_core
    printf8.o(i.__0fprintf_8) refers to retarget.o(.text) for fputc
    printf8.o(i.__0vfprintf_8) refers to printf8.o(i._printf_core) for _printf_core
    printf8.o(i.__0vfprintf_8) refers to retarget.o(.text) for fputc
    printf8.o(i.__0printf_8) refers to printf8.o(i._printf_core) for _printf_core
    printf8.o(i.__0printf_8) refers to retarget.o(.data) for __stdout
    printf8.o(i.__0printf_8) refers to retarget.o(.text) for fputc
    printf8.o(i.__0vprintf_8) refers to printf8.o(i._printf_core) for _printf_core
    printf8.o(i.__0vprintf_8) refers to retarget.o(.data) for __stdout
    printf8.o(i.__0vprintf_8) refers to retarget.o(.text) for fputc
    printf8.o(i.__0sprintf_8) refers to printf8.o(i._printf_core) for _printf_core
    printf8.o(i.__0sprintf_8) refers to printf8.o(i._sputc) for _sputc
    printf8.o(i.__0vsprintf_8) refers to printf8.o(i._printf_core) for _printf_core
    printf8.o(i.__0vsprintf_8) refers to printf8.o(i._sputc) for _sputc
    printf8.o(i._printf_pre_padding) refers to callvia.o(.text) for __ARM_call_via_r6
    printf8.o(i._printf_post_padding) refers to callvia.o(.text) for __ARM_call_via_r6
    printfa.o(i._fp_digits) refers to dmul.o(.text) for __aeabi_dmul
    printfa.o(i._fp_digits) refers to ddiv.o(.text) for __aeabi_ddiv
    printfa.o(i._fp_digits) refers to cdrcmple.o(.text) for __aeabi_cdrcmple
    printfa.o(i._fp_digits) refers to dadd.o(.text) for __aeabi_dadd
    printfa.o(i._fp_digits) refers to dfixull.o(.text) for __aeabi_d2ulz
    printfa.o(i._fp_digits) refers to uldiv.o(.text) for __aeabi_uldivmod
    printfa.o(i._fp_digits) refers (Special) to iusefp.o(.text) for __I_use_fp
    printfa.o(i._printf_core) refers to printfa.o(i._printf_pre_padding) for _printf_pre_padding
    printfa.o(i._printf_core) refers to callvia.o(.text) for __ARM_call_via_r2
    printfa.o(i._printf_core) refers to printfa.o(i._printf_post_padding) for _printf_post_padding
    printfa.o(i._printf_core) refers to uldiv.o(.text) for __aeabi_uldivmod
    printfa.o(i._printf_core) refers to printfa.o(i._fp_digits) for _fp_digits
    printfa.o(i._printf_core) refers to uidiv.o(.text) for __aeabi_uidivmod
    printfa.o(i._printf_core) refers (Special) to iusefp.o(.text) for __I_use_fp
    printfa.o(i.__0fprintf) refers to printfa.o(i._printf_core) for _printf_core
    printfa.o(i.__0fprintf) refers to retarget.o(.text) for fputc
    printfa.o(i.__0fprintf) refers (Special) to iusefp.o(.text) for __I_use_fp
    printfa.o(i.__0vfprintf) refers to printfa.o(i._printf_core) for _printf_core
    printfa.o(i.__0vfprintf) refers to retarget.o(.text) for fputc
    printfa.o(i.__0vfprintf) refers (Special) to iusefp.o(.text) for __I_use_fp
    printfa.o(i.__0printf) refers to printfa.o(i._printf_core) for _printf_core
    printfa.o(i.__0printf) refers to retarget.o(.data) for __stdout
    printfa.o(i.__0printf) refers to retarget.o(.text) for fputc
    printfa.o(i.__0printf) refers (Special) to iusefp.o(.text) for __I_use_fp
    printfa.o(i.__0vprintf) refers to printfa.o(i._printf_core) for _printf_core
    printfa.o(i.__0vprintf) refers to retarget.o(.data) for __stdout
    printfa.o(i.__0vprintf) refers to retarget.o(.text) for fputc
    printfa.o(i.__0vprintf) refers (Special) to iusefp.o(.text) for __I_use_fp
    printfa.o(i.__0sprintf) refers to printfa.o(i._printf_core) for _printf_core
    printfa.o(i.__0sprintf) refers to printfa.o(i._sputc) for _sputc
    printfa.o(i.__0sprintf) refers (Special) to iusefp.o(.text) for __I_use_fp
    printfa.o(i.__0vsprintf) refers to printfa.o(i._printf_core) for _printf_core
    printfa.o(i.__0vsprintf) refers to printfa.o(i._sputc) for _sputc
    printfa.o(i.__0vsprintf) refers (Special) to iusefp.o(.text) for __I_use_fp
    printfa.o(i._printf_pre_padding) refers to callvia.o(.text) for __ARM_call_via_r6
    printfa.o(i._printf_pre_padding) refers (Special) to iusefp.o(.text) for __I_use_fp
    printfa.o(i._printf_post_padding) refers to callvia.o(.text) for __ARM_call_via_r6
    printfa.o(i._printf_post_padding) refers (Special) to iusefp.o(.text) for __I_use_fp
    printfa.o(i._sputc) refers (Special) to iusefp.o(.text) for __I_use_fp
    init.o(.text) refers to callvia.o(.text) for __ARM_call_via_r3
    init.o(.text) refers to init.o(.emb_text) for __call_main
    init.o(.text) refers to blinky.o(.text) for main
    uldiv.o(.text) refers to llushr.o(.text) for __aeabi_llsr
    uldiv.o(.text) refers to llshl.o(.text) for __aeabi_llsl
    dadd.o(.text) refers to llushr.o(.text) for __aeabi_llsr
    dadd.o(.text) refers to llshl.o(.text) for __aeabi_llsl
    dadd.o(.text) refers to depilogue.o(.text) for _double_epilogue
    dadd.o(.text) refers (Special) to iusefp.o(.text) for __I_use_fp
    dmul.o(.text) refers to depilogue.o(.text) for _double_epilogue
    dmul.o(.text) refers (Special) to iusefp.o(.text) for __I_use_fp
    ddiv.o(.text) refers to depilogue.o(.text) for _double_epilogue
    ddiv.o(.text) refers (Special) to iusefp.o(.text) for __I_use_fp
    dfixull.o(.text) refers to llushr.o(.text) for __aeabi_llsr
    dfixull.o(.text) refers to llshl.o(.text) for __aeabi_llsl
    dfixull.o(.text) refers (Special) to iusefp.o(.text) for __I_use_fp
    cdrcmple.o(.text) refers (Special) to iusefp.o(.text) for __I_use_fp
    depilogue.o(.text) refers (Special) to iusefp.o(.text) for __I_use_fp


================================================================================

Removing Unused input sections from the image.

    Removing lpc2300.o(HEAP), (0 bytes).
    Removing irq.o(.text), (240 bytes).
    Removing irq.o(.data), (7 bytes).
    Removing test.o(.text), (24 bytes).

4 unused section(s) (total 271 bytes) removed from the image.

================================================================================

Adding Veneers to the image

    Adding AT veneer (8 bytes, Inline) for call to '__1printf' from blinky.o(.text).
    Adding AT veneer (8 bytes, Inline) for call to '__init' from entry.o($$startup$$).
    Adding AT veneer (8 bytes, Inline) for call to '__aeabi_memcpy' from blinky.o(.text).

3 Veneer(s) (total 24 bytes) added to the image.

================================================================================

Image Symbol Table

    Local Symbols

    Symbol Name                              Value     Ov Type        Size  Object(Section)

    RESET                                    0x00000000   Section      356  lpc2300.o(RESET)
    ../../microlib/division.c                0x00000000   Number         0  uldiv.o ABSOLUTE
    ../../microlib/division.c                0x00000000   Number         0  uidiv.o ABSOLUTE
    ../../microlib/fpadd.c                   0x00000000   Number         0  dadd.o ABSOLUTE
    ../../microlib/fpdiv.c                   0x00000000   Number         0  ddiv.o ABSOLUTE
    ../../microlib/fpepilogue.c              0x00000000   Number         0  depilogue.o ABSOLUTE
    ../../microlib/fpfix.c                   0x00000000   Number         0  dfixull.o ABSOLUTE
    ../../microlib/fpmul.c                   0x00000000   Number         0  dmul.o ABSOLUTE
    ../../microlib/init/entry.s              0x00000000   Number         0  entry.o ABSOLUTE
    ../../microlib/init/handlers.c           0x00000000   Number         0  handlers.o ABSOLUTE
    ../../microlib/init/init.c               0x00000000   Number         0  init.o ABSOLUTE
    ../../microlib/longlong.c                0x00000000   Number         0  llushr.o ABSOLUTE
    ../../microlib/longlong.c                0x00000000   Number         0  llshl.o ABSOLUTE
    ../../microlib/printf/printf.c           0x00000000   Number         0  printf0.o ABSOLUTE
    ../../microlib/printf/printf.c           0x00000000   Number         0  printf7.o ABSOLUTE
    ../../microlib/printf/printf.c           0x00000000   Number         0  printf2.o ABSOLUTE
    ../../microlib/printf/printf.c           0x00000000   Number         0  printf3.o ABSOLUTE
    ../../microlib/printf/printf.c           0x00000000   Number         0  printf4.o ABSOLUTE
    ../../microlib/printf/printf.c           0x00000000   Number         0  printf5.o ABSOLUTE
    ../../microlib/printf/printf.c           0x00000000   Number         0  printf6.o ABSOLUTE
    ../../microlib/printf/printf.c           0x00000000   Number         0  printf8.o ABSOLUTE
    ../../microlib/printf/printf.c           0x00000000   Number         0  printfa.o ABSOLUTE
    ../../microlib/printf/printf.c           0x00000000   Number         0  printf1.o ABSOLUTE
    ../../microlib/printf/printf.c           0x00000000   Number         0  printfb.o ABSOLUTE
    ../../microlib/printf/stubs.s            0x00000000   Number         0  stubs.o ABSOLUTE
    ../../microlib/string/memcpy.c           0x00000000   Number         0  memcpya.o ABSOLUTE
    ../../microlib/string/memcpy.c           0x00000000   Number         0  memcpyb.o ABSOLUTE
    ../../microlib/stubs.s                   0x00000000   Number         0  useno.o ABSOLUTE
    ../../microlib/stubs.s                   0x00000000   Number         0  iusefp.o ABSOLUTE
    ../../unhosted.s                         0x00000000   Number         0  callvia.o ABSOLUTE
    Blinky.c                                 0x00000000   Number         0  blinky.o ABSOLUTE
    IRQ.c                                    0x00000000   Number         0  irq.o ABSOLUTE
    LCD_4bit.c                               0x00000000   Number         0  lcd_4bit.o ABSOLUTE
    LPC2300.s                                0x00000000   Number         0  lpc2300.o ABSOLUTE
    Retarget.c                               0x00000000   Number         0  retarget.o ABSOLUTE
    Serial.c                                 0x00000000   Number         0  serial.o ABSOLUTE
    cdrcmple.s                               0x00000000   Number         0  cdrcmple.o ABSOLUTE
    dc.s                                     0x00000000   Number         0  dc.o ABSOLUTE
    test.c                                   0x00000000   Number         0  test.o ABSOLUTE
    Undef_Handler                            0x00000040   ARM Code       4  lpc2300.o(RESET)
    SWI_Handler                              0x00000044   ARM Code       4  lpc2300.o(RESET)
    PAbt_Handler                             0x00000048   ARM Code       4  lpc2300.o(RESET)
    DAbt_Handler                             0x0000004c   ARM Code       4  lpc2300.o(RESET)
    IRQ_Handler                              0x00000050   ARM Code       4  lpc2300.o(RESET)
    FIQ_Handler                              0x00000054   ARM Code       4  lpc2300.o(RESET)
    $$startup$$                              0x00000164   Section       12  entry.o($$startup$$)
    .emb_text                                0x00000170   Section        2  init.o(.emb_text)
    .text                                    0x00000174   Section       72  retarget.o(.text)
    .text                                    0x000001bc   Section      140  serial.o(.text)
    .text                                    0x00000248   Section     1068  blinky.o(.text)
    .text                                    0x00000674   Section      764  lcd_4bit.o(.text)
    delay                                    0x00000674   ARM Code      24  lcd_4bit.o(.text)
    lcd_read_status                          0x0000068c   ARM Code     188  lcd_4bit.o(.text)
    wait_while_busy                          0x00000748   ARM Code      36  lcd_4bit.o(.text)
    lcd_write_data                           0x000007f0   ARM Code      48  lcd_4bit.o(.text)
    .text                                    0x00000978   Section       36  memcpya.o(.text)
    .text                                    0x0000099c   Section       16  callvia.o(.text)
    .text                                    0x000009b4   Section       40  init.o(.text)
    .text                                    0x000009dc   Section       40  uidiv.o(.text)
    c$$printf_stubs                          0x00000a0c   Number         0  stubs.o(c$$printf_stubs)
    i.__0printf_1                            0x00000a0c   Section       32  printf1.o(i.__0printf_1)
    i.__scatterload_copy                     0x00000a2c   Section       24  handlers.o(i.__scatterload_copy)
    i.__scatterload_null                     0x00000a44   Section        4  handlers.o(i.__scatterload_null)
    i.__scatterload_zeroinit                 0x00000a48   Section       24  handlers.o(i.__scatterload_zeroinit)
    i._printf_core                           0x00000a60   Section      340  printf1.o(i._printf_core)
    _printf_core                             0x00000a61   Thumb Code   334  printf1.o(i._printf_core)
    .constdata                               0x00000bb4   Section       64  lcd_4bit.o(.constdata)
    .data                                    0x40000000   Section        4  retarget.o(.data)
    .data                                    0x40000004   Section       24  blinky.o(.data)
    .bss                                     0x4000001c   Section       66  blinky.o(.bss)
    STACK                                    0x40000060   Section     1288  lpc2300.o(STACK)
    Stack_Top                                0x40000568   Number         0  lpc2300.o(STACK)

    Global Symbols

    Symbol Name                              Value     Ov Type        Size  Object(Section)

    BuildAttributes$$THM_ISAv1$ARM_ISAv4$M$S$PE$A:L22$X:L11$S22$IEEE1$IW$USESV6$~STKCKD$USESV7$~SHL$OSPACE$EBA8$MICROLIB$REQ8$EABIv2 0x00000000   Number         0  anon$$obj.o ABSOLUTE
    __ARM_use_no_argv                        0x00000000   Number         0  blinky.o ABSOLUTE
    __use_no_errno                           0x00000000   Number         0  useno.o ABSOLUTE
    __use_no_exception_handling              0x00000000   Number         0  useno.o ABSOLUTE
    __use_no_fp                              0x00000000   Number         0  useno.o ABSOLUTE
    __use_no_heap                            0x00000000   Number         0  useno.o ABSOLUTE
    __use_no_heap_region                     0x00000000   Number         0  useno.o ABSOLUTE
    __use_no_semihosting                     0x00000000   Number         0  useno.o ABSOLUTE
    __use_no_semihosting_swi                 0x00000000   Number         0  useno.o ABSOLUTE
    __use_no_signal_handling                 0x00000000   Number         0  useno.o ABSOLUTE
    __decompress                              - Undefined Weak Reference
    Reset_Handler                            0x00000058   ARM Code       0  lpc2300.o(RESET)
    __main                                   0x00000164   ARM Code       8  entry.o($$startup$$)
    __call_main                              0x00000171   Thumb Code     2  init.o(.emb_text)
    fputc                                    0x00000174   ARM Code      28  retarget.o(.text)
    ferror                                   0x00000190   ARM Code      12  retarget.o(.text)
    _ttywrch                                 0x0000019c   ARM Code      24  retarget.o(.text)
    _sys_exit                                0x000001b4   ARM Code       8  retarget.o(.text)
    init_serial                              0x000001bc   ARM Code      68  serial.o(.text)
    sendchar                                 0x00000200   ARM Code      32  serial.o(.text)
    getkey                                   0x00000220   ARM Code      32  serial.o(.text)
    LED_Init                                 0x00000248   ARM Code      36  blinky.o(.text)
    LED_On                                   0x0000026c   ARM Code      20  blinky.o(.text)
    LED_Off                                  0x00000280   ARM Code      20  blinky.o(.text)
    LED_Out                                  0x00000294   ARM Code      24  blinky.o(.text)
    Disp_Bargraph                            0x000002ac   ARM Code      92  blinky.o(.text)
    temp                                     0x00000308   ARM Code      16  blinky.o(.text)
    temp1                                    0x00000318   ARM Code      16  blinky.o(.text)
    h_CopyNum                                0x00000328   ARM Code      20  blinky.o(.text)
    Xuly                                     0x0000033c   ARM Code       4  blinky.o(.text)
    Loi                                      0x00000340   ARM Code      44  blinky.o(.text)
    RTCInit                                  0x0000036c   ARM Code      32  blinky.o(.text)
    RTCGetTime                               0x0000038c   ARM Code     176  blinky.o(.text)
    RTCSetTime                               0x0000043c   ARM Code      80  blinky.o(.text)
    RTCStart                                 0x0000048c   ARM Code      24  blinky.o(.text)
    WDTFeed                                  0x000004a4   ARM Code      24  blinky.o(.text)
    abc                                      0x000004bc   ARM Code      64  blinky.o(.text)
    WDTHandler                               0x000004fc   ARM Code     140  blinky.o(.text)
    WDTInit                                  0x00000588   ARM Code      84  blinky.o(.text)
    main                                     0x000005dc   ARM Code     148  blinky.o(.text)
    lcd_write_4bit                           0x0000076c   ARM Code      84  lcd_4bit.o(.text)
    lcd_write_cmd                            0x000007c0   ARM Code      48  lcd_4bit.o(.text)
    lcd_putchar                              0x00000820   ARM Code      24  lcd_4bit.o(.text)
    lcd_init                                 0x00000838   ARM Code     176  lcd_4bit.o(.text)
    set_cursor                               0x000008e8   ARM Code      48  lcd_4bit.o(.text)
    lcd_clear                                0x00000918   ARM Code      32  lcd_4bit.o(.text)
    lcd_print                                0x00000938   ARM Code      40  lcd_4bit.o(.text)
    Inline ARM to Thumb Veneer to __aeabi_memcpy 0x00000970   ARM Code       0  memcpya.o(.text)
    __aeabi_memcpy                           0x00000979   Thumb Code    36  memcpya.o(.text)
    __aeabi_memcpy4                          0x00000979   Thumb Code     0  memcpya.o(.text)
    __aeabi_memcpy8                          0x00000979   Thumb Code     0  memcpya.o(.text)
    __ARM_call_via_r0                        0x0000099d   Thumb Code     2  callvia.o(.text)
    __call_via_r0                            0x0000099d   Thumb Code     0  callvia.o(.text)
    __ARM_call_via_r1                        0x0000099f   Thumb Code     2  callvia.o(.text)
    __call_via_r1                            0x0000099f   Thumb Code     0  callvia.o(.text)
    __ARM_call_via_r2                        0x000009a1   Thumb Code     2  callvia.o(.text)
    __call_via_r2                            0x000009a1   Thumb Code     0  callvia.o(.text)
    __ARM_call_via_r3                        0x000009a3   Thumb Code     2  callvia.o(.text)
    __call_via_r3                            0x000009a3   Thumb Code     0  callvia.o(.text)
    __ARM_call_via_r4                        0x000009a5   Thumb Code     2  callvia.o(.text)
    __call_via_r4                            0x000009a5   Thumb Code     0  callvia.o(.text)
    __ARM_call_via_r5                        0x000009a7   Thumb Code     2  callvia.o(.text)
    __call_via_r5                            0x000009a7   Thumb Code     0  callvia.o(.text)
    __ARM_call_via_r6                        0x000009a9   Thumb Code     2  callvia.o(.text)
    __call_via_r6                            0x000009a9   Thumb Code     0  callvia.o(.text)
    __ARM_call_via_r7                        0x000009ab   Thumb Code     2  callvia.o(.text)
    __call_via_r7                            0x000009ab   Thumb Code     0  callvia.o(.text)
    Inline ARM to Thumb Veneer to __init     0x000009ac   ARM Code       0  init.o(.text)
    __init                                   0x000009b5   Thumb Code    26  init.o(.text)
    __scatterload_rt2                        0x000009b5   Thumb Code     0  init.o(.text)
    __aeabi_uidiv                            0x000009dd   Thumb Code     0  uidiv.o(.text)
    __aeabi_uidivmod                         0x000009dd   Thumb Code    40  uidiv.o(.text)
    Inline ARM to Thumb Veneer to __1printf  0x00000a04   ARM Code       0  printf1.o(i.__0printf_1)
    __0printf_1                              0x00000a0d   Thumb Code    24  printf1.o(i.__0printf_1)
    __1printf                                0x00000a0d   Thumb Code     0  printf1.o(i.__0printf_1)
    _printf_charcount                        0x00000a0c   Number         0  stubs.o(c$$printf_stubs)
    _printf_fp_dec                           0x00000a0c   Number         0  stubs.o(c$$printf_stubs)
    _printf_fp_hex                           0x00000a0c   Number         0  stubs.o(c$$printf_stubs)
    _printf_int_dec                          0x00000a0c   Number         0  stubs.o(c$$printf_stubs)
    _printf_longlong_dec                     0x00000a0c   Number         0  stubs.o(c$$printf_stubs)
    _printf_longlong_hex                     0x00000a0c   Number         0  stubs.o(c$$printf_stubs)
    _printf_longlong_oct                     0x00000a0c   Number         0  stubs.o(c$$printf_stubs)
    _printf_mbtowc                           0x00000a0c   Number         0  stubs.o(c$$printf_stubs)
    _printf_percent                          0x00000a0c   Number         0  stubs.o(c$$printf_stubs)
    _printf_pre_padding                      0x00000a0c   Number         0  stubs.o(c$$printf_stubs)
    _printf_return_value                     0x00000a0c   Number         0  stubs.o(c$$printf_stubs)
    _printf_sizespec                         0x00000a0c   Number         0  stubs.o(c$$printf_stubs)
    _printf_str                              0x00000a0c   Number         0  stubs.o(c$$printf_stubs)
    _printf_truncate_signed                  0x00000a0c   Number         0  stubs.o(c$$printf_stubs)
    _printf_truncate_unsigned                0x00000a0c   Number         0  stubs.o(c$$printf_stubs)
    _printf_wc                               0x00000a0c   Number         0  stubs.o(c$$printf_stubs)
    _printf_wctomb                           0x00000a0c   Number         0  stubs.o(c$$printf_stubs)
    __scatterload_copy                       0x00000a2c   ARM Code      24  handlers.o(i.__scatterload_copy)
    __scatterload_null                       0x00000a44   ARM Code       4  handlers.o(i.__scatterload_null)
    __scatterload_zeroinit                   0x00000a48   ARM Code      24  handlers.o(i.__scatterload_zeroinit)
    UserFont                                 0x00000bb4   Data          64  lcd_4bit.o(.constdata)
    Region$$Table$$Base                      0x00000bf4   Number         0  anon$$obj.o(Region$$Table)
    Region$$Table$$Limit                     0x00000c14   Number         0  anon$$obj.o(Region$$Table)
    __stdout                                 0x40000000   Data           4  retarget.o(.data)
    len                                      0x40000004   Data           4  blinky.o(.data)
    wdt_counter                              0x40000008   Data           4  blinky.o(.data)
    a                                        0x4000000c   Data           4  blinky.o(.data)
    b                                        0x40000010   Data           4  blinky.o(.data)
    c                                        0x40000014   Data           4  blinky.o(.data)
    d                                        0x40000018   Data           4  blinky.o(.data)
    command                                  0x4000001c   Data          50  blinky.o(.bss)
    t                                        0x4000004e   Data          16  blinky.o(.bss)
    __initial_sp                             0x40000460   Data         264  lpc2300.o(STACK)


================================================================================

Memory Map of the image

  Image Entry point : 0x00000164

  Load Region LR_IROM1 (Base: 0x00000000, Size: 0x00000c30, Max: 0x00080000, ABSOLUTE)

    Execution Region ER_IROM1 (Base: 0x00000000, Size: 0x00000c14, Max: 0x00080000, ABSOLUTE)

    Base Addr    Size         Type   Attr      Idx    E Section Name        Object

    0x00000000   0x00000164   Code   RO            3    RESET               lpc2300.o
    0x00000164   0x0000000c   Code   RO          111  * $$startup$$         entry.o(mc_t.l)
    0x00000170   0x00000002   Code   RO          316    .emb_text           init.o(mc_t.l)
    0x00000172   0x00000002   PAD
    0x00000174   0x00000048   Code   RO            9    .text               retarget.o
    0x000001bc   0x0000008c   Code   RO           31    .text               serial.o
    0x00000248   0x0000042c   Code   RO           47    .text               blinky.o
    0x00000674   0x000002fc   Code   RO           70    .text               lcd_4bit.o
    0x00000970   0x00000008   Ven    RO          115    .text               memcpya.o(mc_t.l)
    0x00000978   0x00000024   Code   RO          115    .text               memcpya.o(mc_t.l)
    0x0000099c   0x00000010   Code   RO          314    .text               callvia.o(h_t.l)
    0x000009ac   0x00000008   Ven    RO          315    .text               init.o(mc_t.l)
    0x000009b4   0x00000028   Code   RO          315    .text               init.o(mc_t.l)
    0x000009dc   0x00000028   Code   RO          319    .text               uidiv.o(mc_t.l)
    0x00000a04   0x00000008   Ven    RO          154    i.__0printf_1       printf1.o(mc_t.l)
    0x00000a0c   0x00000000   Code   RO          313    c$$printf_stubs     stubs.o(mc_t.l)
    0x00000a0c   0x00000020   Code   RO          154    i.__0printf_1       printf1.o(mc_t.l)
    0x00000a2c   0x00000018   Code   RO          341    i.__scatterload_copy  handlers.o(mc_t.l)
    0x00000a44   0x00000004   Code   RO          343    i.__scatterload_null  handlers.o(mc_t.l)
    0x00000a48   0x00000018   Code   RO          342    i.__scatterload_zeroinit  handlers.o(mc_t.l)
    0x00000a60   0x00000154   Code   RO          151    i._printf_core      printf1.o(mc_t.l)
    0x00000bb4   0x00000040   Data   RO           71    .constdata          lcd_4bit.o
    0x00000bf4   0x00000020   Data   RO          340    Region$$Table       anon$$obj.o


    Execution Region RW_IRAM1 (Base: 0x40000000, Size: 0x00000568, Max: 0x00008000, ABSOLUTE)

    Base Addr    Size         Type   Attr      Idx    E Section Name        Object

    0x40000000   0x00000004   Data   RW           10    .data               retarget.o
    0x40000004   0x00000018   Data   RW           48    .data               blinky.o
    0x4000001c   0x00000042   Zero   RW           49    .bss                blinky.o
    0x4000005e   0x00000002   PAD
    0x40000060   0x00000508   Zero   RW            1    STACK               lpc2300.o


================================================================================

Image component sizes


      Code (inc. data)   RO Data    RW Data    ZI Data      Debug   Object Name

      1068         76          0         24         66       3588   blinky.o
       764         16         64          0          0       3006   lcd_4bit.o
       356         48          0          0       1288        299   lpc2300.o
        72          0          0          4          0       5203   retarget.o
       140          8          0          0          0        597   serial.o

    ------------------------------------------------------------------------
      2400        148         96         28       1356      12696   Object Totals
         0          0         32          0          0          0   (incl. Generated)
         0          0          0          0          2          3   (incl. Padding)

    ------------------------------------------------------------------------

      Code (inc. data)   RO Data    RW Data    ZI Data      Debug   Library Member Name

        16          0          0          0          0          0   callvia.o
        12          4          0          0          0          0   entry.o
        52          0          0          0          0          0   handlers.o
        50         14          0          0          0          0   init.o
        44          0          0          0          0          0   memcpya.o
       380         14          0          0          0          0   printf1.o
         0          0          0          0          0          0   stubs.o
        40          0          0          0          0          0   uidiv.o

    ------------------------------------------------------------------------
       596         32          0          0          0          0   Library Totals
         2          0          0          0          0          0   (incl. Padding)

    ------------------------------------------------------------------------

      Code (inc. data)   RO Data    RW Data    ZI Data      Debug   Library Name

        16          0          0          0          0          0   h_t.l
       578         32          0          0          0          0   mc_t.l

    ------------------------------------------------------------------------
       596         32          0          0          0          0   Library Totals

    ------------------------------------------------------------------------

================================================================================


      Code (inc. data)   RO Data    RW Data    ZI Data      Debug   

      2996        180         96         28       1356      12696   Grand Totals
      2996        180         96         28       1356      12696   ELF Image Totals
      2996        180         96         28          0          0   ROM Totals

================================================================================

    Total RO  Size (Code + RO Data)                 3092 (   3.02kB)
    Total RW  Size (RW Data + ZI Data)              1384 (   1.35kB)
    Total ROM Size (Code + RO Data + RW Data)       3120 (   3.05kB)

================================================================================

